Archive member included to satisfy reference by file (symbol)

e:/stm32cubeide_1.12.0/stm32cubeide/plugins/com.st.stm32cube.ide.mcu.externaltools.gnu-tools-for-stm32.10.3-2021.10.win32_1.0.200.202301161003/tools/bin/../lib/gcc/arm-none-eabi/10.3.1/../../../../arm-none-eabi/lib/thumb/v7e-m+fp/hard\libstdc++_nano.a(pure.o)
                              ./Core/Src/mainpp.o (__cxa_pure_virtual)
e:/stm32cubeide_1.12.0/stm32cubeide/plugins/com.st.stm32cube.ide.mcu.externaltools.gnu-tools-for-stm32.10.3-2021.10.win32_1.0.200.202301161003/tools/bin/../lib/gcc/arm-none-eabi/10.3.1/../../../../arm-none-eabi/lib/thumb/v7e-m+fp/hard\libstdc++_nano.a(eh_terminate.o)
                              e:/stm32cubeide_1.12.0/stm32cubeide/plugins/com.st.stm32cube.ide.mcu.externaltools.gnu-tools-for-stm32.10.3-2021.10.win32_1.0.200.202301161003/tools/bin/../lib/gcc/arm-none-eabi/10.3.1/../../../../arm-none-eabi/lib/thumb/v7e-m+fp/hard\libstdc++_nano.a(pure.o) (std::terminate())
e:/stm32cubeide_1.12.0/stm32cubeide/plugins/com.st.stm32cube.ide.mcu.externaltools.gnu-tools-for-stm32.10.3-2021.10.win32_1.0.200.202301161003/tools/bin/../lib/gcc/arm-none-eabi/10.3.1/../../../../arm-none-eabi/lib/thumb/v7e-m+fp/hard\libstdc++_nano.a(eh_unex_handler.o)
                              e:/stm32cubeide_1.12.0/stm32cubeide/plugins/com.st.stm32cube.ide.mcu.externaltools.gnu-tools-for-stm32.10.3-2021.10.win32_1.0.200.202301161003/tools/bin/../lib/gcc/arm-none-eabi/10.3.1/../../../../arm-none-eabi/lib/thumb/v7e-m+fp/hard\libstdc++_nano.a(eh_terminate.o) (__cxxabiv1::__unexpected_handler)
e:/stm32cubeide_1.12.0/stm32cubeide/plugins/com.st.stm32cube.ide.mcu.externaltools.gnu-tools-for-stm32.10.3-2021.10.win32_1.0.200.202301161003/tools/bin/../lib/gcc/arm-none-eabi/10.3.1/../../../../arm-none-eabi/lib/thumb/v7e-m+fp/hard\libstdc++_nano.a(eh_term_handler.o)
                              e:/stm32cubeide_1.12.0/stm32cubeide/plugins/com.st.stm32cube.ide.mcu.externaltools.gnu-tools-for-stm32.10.3-2021.10.win32_1.0.200.202301161003/tools/bin/../lib/gcc/arm-none-eabi/10.3.1/../../../../arm-none-eabi/lib/thumb/v7e-m+fp/hard\libstdc++_nano.a(eh_terminate.o) (__cxxabiv1::__terminate_handler)
e:/stm32cubeide_1.12.0/stm32cubeide/plugins/com.st.stm32cube.ide.mcu.externaltools.gnu-tools-for-stm32.10.3-2021.10.win32_1.0.200.202301161003/tools/bin/../lib/gcc/arm-none-eabi/10.3.1/../../../../arm-none-eabi/lib/thumb/v7e-m+fp/hard\libc_nano.a(lib_a-abort.o)
                              e:/stm32cubeide_1.12.0/stm32cubeide/plugins/com.st.stm32cube.ide.mcu.externaltools.gnu-tools-for-stm32.10.3-2021.10.win32_1.0.200.202301161003/tools/bin/../lib/gcc/arm-none-eabi/10.3.1/../../../../arm-none-eabi/lib/thumb/v7e-m+fp/hard\libstdc++_nano.a(eh_terminate.o) (abort)
e:/stm32cubeide_1.12.0/stm32cubeide/plugins/com.st.stm32cube.ide.mcu.externaltools.gnu-tools-for-stm32.10.3-2021.10.win32_1.0.200.202301161003/tools/bin/../lib/gcc/arm-none-eabi/10.3.1/../../../../arm-none-eabi/lib/thumb/v7e-m+fp/hard\libc_nano.a(lib_a-errno.o)
                              ./Core/Src/syscalls.o (__errno)
e:/stm32cubeide_1.12.0/stm32cubeide/plugins/com.st.stm32cube.ide.mcu.externaltools.gnu-tools-for-stm32.10.3-2021.10.win32_1.0.200.202301161003/tools/bin/../lib/gcc/arm-none-eabi/10.3.1/../../../../arm-none-eabi/lib/thumb/v7e-m+fp/hard\libc_nano.a(lib_a-exit.o)
                              e:/stm32cubeide_1.12.0/stm32cubeide/plugins/com.st.stm32cube.ide.mcu.externaltools.gnu-tools-for-stm32.10.3-2021.10.win32_1.0.200.202301161003/tools/bin/../lib/gcc/arm-none-eabi/10.3.1/../../../../arm-none-eabi/lib/thumb/v7e-m+fp/hard/crt0.o (exit)
e:/stm32cubeide_1.12.0/stm32cubeide/plugins/com.st.stm32cube.ide.mcu.externaltools.gnu-tools-for-stm32.10.3-2021.10.win32_1.0.200.202301161003/tools/bin/../lib/gcc/arm-none-eabi/10.3.1/../../../../arm-none-eabi/lib/thumb/v7e-m+fp/hard\libc_nano.a(lib_a-impure.o)
                              e:/stm32cubeide_1.12.0/stm32cubeide/plugins/com.st.stm32cube.ide.mcu.externaltools.gnu-tools-for-stm32.10.3-2021.10.win32_1.0.200.202301161003/tools/bin/../lib/gcc/arm-none-eabi/10.3.1/../../../../arm-none-eabi/lib/thumb/v7e-m+fp/hard\libc_nano.a(lib_a-exit.o) (_global_impure_ptr)
e:/stm32cubeide_1.12.0/stm32cubeide/plugins/com.st.stm32cube.ide.mcu.externaltools.gnu-tools-for-stm32.10.3-2021.10.win32_1.0.200.202301161003/tools/bin/../lib/gcc/arm-none-eabi/10.3.1/../../../../arm-none-eabi/lib/thumb/v7e-m+fp/hard\libc_nano.a(lib_a-init.o)
                              e:/stm32cubeide_1.12.0/stm32cubeide/plugins/com.st.stm32cube.ide.mcu.externaltools.gnu-tools-for-stm32.10.3-2021.10.win32_1.0.200.202301161003/tools/bin/../lib/gcc/arm-none-eabi/10.3.1/../../../../arm-none-eabi/lib/thumb/v7e-m+fp/hard/crt0.o (__libc_init_array)
[...]
Memory Configuration

Name             Origin             Length             Attributes
RAM              0x0000000020000000 0x0000000000020000 xrw
FLASH            0x0000000008000000 0x0000000000080000 xr
*default*        0x0000000000000000 0xffffffffffffffff

Linker script and memory map

LOAD e:/stm32cubeide_1.12.0/stm32cubeide/plugins/com.st.stm32cube.ide.mcu.externaltools.gnu-tools-for-stm32.10.3-2021.10.win32_1.0.200.202301161003/tools/bin/../lib/gcc/arm-none-eabi/10.3.1/thumb/v7e-m+fp/hard/crti.o
LOAD e:/stm32cubeide_1.12.0/stm32cubeide/plugins/com.st.stm32cube.ide.mcu.externaltools.gnu-tools-for-stm32.10.3-2021.10.win32_1.0.200.202301161003/tools/bin/../lib/gcc/arm-none-eabi/10.3.1/thumb/v7e-m+fp/hard/crtbegin.o
LOAD e:/stm32cubeide_1.12.0/stm32cubeide/plugins/com.st.stm32cube.ide.mcu.externaltools.gnu-tools-for-stm32.10.3-2021.10.win32_1.0.200.202301161003/tools/bin/../lib/gcc/arm-none-eabi/10.3.1/../../../../arm-none-eabi/lib/thumb/v7e-m+fp/hard/crt0.o
LOAD ./Core/Inc/duration.o
LOAD ./Core/Inc/time.o
LOAD ./Core/Src/main.o
LOAD ./Core/Src/mainpp.o
LOAD ./Core/Src/stm32f4xx_hal_msp.o
LOAD ./Core/Src/stm32f4xx_it.o
LOAD ./Core/Src/syscalls.o
LOAD ./Core/Src/sysmem.o
LOAD ./Core/Src/system_stm32f4xx.o
LOAD ./Core/Startup/startup_stm32f411ceux.o
LOAD ./Drivers/STM32F4xx_HAL_Driver/Src/stm32f4xx_hal.o
LOAD ./Drivers/STM32F4xx_HAL_Driver/Src/stm32f4xx_hal_cortex.o
LOAD ./Drivers/STM32F4xx_HAL_Driver/Src/stm32f4xx_hal_dma.o
LOAD ./Drivers/STM32F4xx_HAL_Driver/Src/stm32f4xx_hal_dma_ex.o
LOAD ./Drivers/STM32F4xx_HAL_Driver/Src/stm32f4xx_hal_exti.o
LOAD ./Drivers/STM32F4xx_HAL_Driver/Src/stm32f4xx_hal_flash.o
LOAD ./Drivers/STM32F4xx_HAL_Driver/Src/stm32f4xx_hal_flash_ex.o
LOAD ./Drivers/STM32F4xx_HAL_Driver/Src/stm32f4xx_hal_flash_ramfunc.o
LOAD ./Drivers/STM32F4xx_HAL_Driver/Src/stm32f4xx_hal_gpio.o
LOAD ./Drivers/STM32F4xx_HAL_Driver/Src/stm32f4xx_hal_pwr.o
LOAD ./Drivers/STM32F4xx_HAL_Driver/Src/stm32f4xx_hal_pwr_ex.o
LOAD ./Drivers/STM32F4xx_HAL_Driver/Src/stm32f4xx_hal_rcc.o
LOAD ./Drivers/STM32F4xx_HAL_Driver/Src/stm32f4xx_hal_rcc_ex.o
LOAD ./Drivers/STM32F4xx_HAL_Driver/Src/stm32f4xx_hal_tim.o
LOAD ./Drivers/STM32F4xx_HAL_Driver/Src/stm32f4xx_hal_tim_ex.o
LOAD ./Drivers/STM32F4xx_HAL_Driver/Src/stm32f4xx_hal_uart.o
LOAD ./Core/Inc/duration.o
LOAD ./Core/Inc/time.o
LOAD ./Core/Src/main.o
LOAD ./Core/Src/mainpp.o
LOAD ./Core/Src/stm32f4xx_hal_msp.o
LOAD ./Core/Src/stm32f4xx_it.o
LOAD ./Core/Src/syscalls.o
LOAD ./Core/Src/sysmem.o
LOAD ./Core/Src/system_stm32f4xx.o
LOAD ./Core/Startup/startup_stm32f411ceux.o
LOAD ./Drivers/STM32F4xx_HAL_Driver/Src/stm32f4xx_hal.o
LOAD ./Drivers/STM32F4xx_HAL_Driver/Src/stm32f4xx_hal_cortex.o
LOAD ./Drivers/STM32F4xx_HAL_Driver/Src/stm32f4xx_hal_dma.o
LOAD ./Drivers/STM32F4xx_HAL_Driver/Src/stm32f4xx_hal_dma_ex.o
LOAD ./Drivers/STM32F4xx_HAL_Driver/Src/stm32f4xx_hal_exti.o
LOAD ./Drivers/STM32F4xx_HAL_Driver/Src/stm32f4xx_hal_flash.o
LOAD ./Drivers/STM32F4xx_HAL_Driver/Src/stm32f4xx_hal_flash_ex.o
LOAD ./Drivers/STM32F4xx_HAL_Driver/Src/stm32f4xx_hal_flash_ramfunc.o
LOAD ./Drivers/STM32F4xx_HAL_Driver/Src/stm32f4xx_hal_gpio.o
LOAD ./Drivers/STM32F4xx_HAL_Driver/Src/stm32f4xx_hal_pwr.o
LOAD ./Drivers/STM32F4xx_HAL_Driver/Src/stm32f4xx_hal_pwr_ex.o
LOAD ./Drivers/STM32F4xx_HAL_Driver/Src/stm32f4xx_hal_rcc.o
LOAD ./Drivers/STM32F4xx_HAL_Driver/Src/stm32f4xx_hal_rcc_ex.o
LOAD ./Drivers/STM32F4xx_HAL_Driver/Src/stm32f4xx_hal_tim.o
LOAD ./Drivers/STM32F4xx_HAL_Driver/Src/stm32f4xx_hal_tim_ex.o
LOAD ./Drivers/STM32F4xx_HAL_Driver/Src/stm32f4xx_hal_uart.o
START GROUP
LOAD e:/stm32cubeide_1.12.0/stm32cubeide/plugins/com.st.stm32cube.ide.mcu.externaltools.gnu-tools-for-stm32.10.3-2021.10.win32_1.0.200.202301161003/tools/bin/../lib/gcc/arm-none-eabi/10.3.1/../../../../arm-none-eabi/lib/thumb/v7e-m+fp/hard\libstdc++_nano.a
LOAD e:/stm32cubeide_1.12.0/stm32cubeide/plugins/com.st.stm32cube.ide.mcu.externaltools.gnu-tools-for-stm32.10.3-2021.10.win32_1.0.200.202301161003/tools/bin/../lib/gcc/arm-none-eabi/10.3.1/../../../../arm-none-eabi/lib/thumb/v7e-m+fp/hard\libsupc++_nano.a
END GROUP
LOAD e:/stm32cubeide_1.12.0/stm32cubeide/plugins/com.st.stm32cube.ide.mcu.externaltools.gnu-tools-for-stm32.10.3-2021.10.win32_1.0.200.202301161003/tools/bin/../lib/gcc/arm-none-eabi/10.3.1/../../../../arm-none-eabi/lib/thumb/v7e-m+fp/hard\libstdc++_nano.a
LOAD e:/stm32cubeide_1.12.0/stm32cubeide/plugins/com.st.stm32cube.ide.mcu.externaltools.gnu-tools-for-stm32.10.3-2021.10.win32_1.0.200.202301161003/tools/bin/../lib/gcc/arm-none-eabi/10.3.1/../../../../arm-none-eabi/lib/thumb/v7e-m+fp/hard\libm.a
LOAD e:/stm32cubeide_1.12.0/stm32cubeide/plugins/com.st.stm32cube.ide.mcu.externaltools.gnu-tools-for-stm32.10.3-2021.10.win32_1.0.200.202301161003/tools/bin/../lib/gcc/arm-none-eabi/10.3.1/../../../../arm-none-eabi/lib/thumb/v7e-m+fp/hard\libc_nano.a
START GROUP
LOAD e:/stm32cubeide_1.12.0/stm32cubeide/plugins/com.st.stm32cube.ide.mcu.externaltools.gnu-tools-for-stm32.10.3-2021.10.win32_1.0.200.202301161003/tools/bin/../lib/gcc/arm-none-eabi/10.3.1/thumb/v7e-m+fp/hard\libgcc.a
LOAD e:/stm32cubeide_1.12.0/stm32cubeide/plugins/com.st.stm32cube.ide.mcu.externaltools.gnu-tools-for-stm32.10.3-2021.10.win32_1.0.200.202301161003/tools/bin/../lib/gcc/arm-none-eabi/10.3.1/../../../../arm-none-eabi/lib/thumb/v7e-m+fp/hard\libc_nano.a
END GROUP
START GROUP
LOAD e:/stm32cubeide_1.12.0/stm32cubeide/plugins/com.st.stm32cube.ide.mcu.externaltools.gnu-tools-for-stm32.10.3-2021.10.win32_1.0.200.202301161003/tools/bin/../lib/gcc/arm-none-eabi/10.3.1/thumb/v7e-m+fp/hard\libgcc.a
LOAD e:/stm32cubeide_1.12.0/stm32cubeide/plugins/com.st.stm32cube.ide.mcu.externaltools.gnu-tools-for-stm32.10.3-2021.10.win32_1.0.200.202301161003/tools/bin/../lib/gcc/arm-none-eabi/10.3.1/../../../../arm-none-eabi/lib/thumb/v7e-m+fp/hard\libc_nano.a
END GROUP
LOAD e:/stm32cubeide_1.12.0/stm32cubeide/plugins/com.st.stm32cube.ide.mcu.externaltools.gnu-tools-for-stm32.10.3-2021.10.win32_1.0.200.202301161003/tools/bin/../lib/gcc/arm-none-eabi/10.3.1/thumb/v7e-m+fp/hard/crtend.o
LOAD e:/stm32cubeide_1.12.0/stm32cubeide/plugins/com.st.stm32cube.ide.mcu.externaltools.gnu-tools-for-stm32.10.3-2021.10.win32_1.0.200.202301161003/tools/bin/../lib/gcc/arm-none-eabi/10.3.1/thumb/v7e-m+fp/hard/crtn.o
                0x0000000020020000                _estack = (ORIGIN (RAM) + LENGTH (RAM))
                0x0000000000000200                _Min_Heap_Size = 0x200
                0x0000000000000400                _Min_Stack_Size = 0x400

.isr_vector     0x0000000008000000      0x330
                0x0000000008000000                . = ALIGN (0x4)
 *(.isr_vector)
 .isr_vector    0x0000000008000000      0x198 ./Core/Startup/startup_stm32f411ceux.o
                0x0000000008000000                g_pfnVectors
 .isr_vector    0x0000000008000198      0x198 ./Core/Startup/startup_stm32f411ceux.o
                0x0000000008000330                . = ALIGN (0x4)

.text           0x0000000008000330     0x56bc
                0x0000000008000330                . = ALIGN (0x4)
 *(.text)
 .text          0x0000000008000330       0x40 e:/stm32cubeide_1.12.0/stm32cubeide/plugins/com.st.stm32cube.ide.mcu.externaltools.gnu-tools-for-stm32.10.3-2021.10.win32_1.0.200.202301161003/tools/bin/../lib/gcc/arm-none-eabi/10.3.1/thumb/v7e-m+fp/hard/crtbegin.o
 .text          0x0000000008000370       0x10 e:/stm32cubeide_1.12.0/stm32cubeide/plugins/com.st.stm32cube.ide.mcu.externaltools.gnu-tools-for-stm32.10.3-2021.10.win32_1.0.200.202301161003/tools/bin/../lib/gcc/arm-none-eabi/10.3.1/../../../../arm-none-eabi/lib/thumb/v7e-m+fp/hard\libc_nano.a(lib_a-strlen.o)
                0x0000000008000370                strlen
 .text          0x0000000008000380       0x30 e:/stm32cubeide_1.12.0/stm32cubeide/plugins/com.st.stm32cube.ide.mcu.externaltools.gnu-tools-for-stm32.10.3-2021.10.win32_1.0.200.202301161003/tools/bin/../lib/gcc/arm-none-eabi/10.3.1/thumb/v7e-m+fp/hard\libgcc.a(_aeabi_uldivmod.o)
                0x0000000008000380                __aeabi_uldivmod
 .text          0x00000000080003b0      0x2d0 e:/stm32cubeide_1.12.0/stm32cubeide/plugins/com.st.stm32cube.ide.mcu.externaltools.gnu-tools-for-stm32.10.3-2021.10.win32_1.0.200.202301161003/tools/bin/../lib/gcc/arm-none-eabi/10.3.1/thumb/v7e-m+fp/hard\libgcc.a(_udivmoddi4.o)
                0x00000000080003b0                __udivmoddi4
 .text          0x0000000008000680        0x4 e:/stm32cubeide_1.12.0/stm32cubeide/plugins/com.st.stm32cube.ide.mcu.externaltools.gnu-tools-for-stm32.10.3-2021.10.win32_1.0.200.202301161003/tools/bin/../lib/gcc/arm-none-eabi/10.3.1/thumb/v7e-m+fp/hard\libgcc.a(_dvmd_tls.o)
                0x0000000008000680                __aeabi_idiv0
                0x0000000008000680                __aeabi_ldiv0
 *(.text*)
 .text._ZN3ros16normalizeSecNSecERmS0_
                0x0000000008000684       0x58 ./Core/Inc/time.o
                0x0000000008000684                ros::normalizeSecNSec(unsigned long&, unsigned long&)
 .text.main     0x00000000080006dc       0x22 ./Core/Src/main.o
                0x00000000080006dc                main
 *fill*         0x00000000080006fe        0x2 
 .text.SystemClock_Config
                0x0000000008000700       0xd4 ./Core/Src/main.o
                0x0000000008000700                SystemClock_Config
 .text.MX_USART1_UART_Init
                0x00000000080007d4       0x54 ./Core/Src/main.o
 .text.MX_USART2_UART_Init
                0x0000000008000828       0x54 ./Core/Src/main.o
 .text.MX_DMA_Init
                0x000000000800087c       0x8c ./Core/Src/main.o
 .text.MX_GPIO_Init
                0x0000000008000908       0xb4 ./Core/Src/main.o
 .text.Error_Handler
                0x00000000080009bc        0xa ./Core/Src/main.o
                0x00000000080009bc                Error_Handler
 .text._ZN3ros4TimeC2Ev
                0x00000000080009c6       0x22 ./Core/Src/mainpp.o
                0x00000000080009c6                ros::Time::Time()
                0x00000000080009c6                ros::Time::Time()
 .text._ZN3ros3MsgC2Ev
                0x00000000080009e8       0x20 ./Core/Src/mainpp.o
                0x00000000080009e8                ros::Msg::Msg()
                0x00000000080009e8                ros::Msg::Msg()
 .text._ZN8std_msgs4TimeC2Ev
                0x0000000008000a08       0x30 ./Core/Src/mainpp.o
                0x0000000008000a08                std_msgs::Time::Time()
                0x0000000008000a08                std_msgs::Time::Time()
 .text._ZNK8std_msgs4Time9serializeEPh
                0x0000000008000a38       0xb0 ./Core/Src/mainpp.o
                0x0000000008000a38                std_msgs::Time::serialize(unsigned char*) const
 .text._ZN8std_msgs4Time11deserializeEPh
                0x0000000008000ae8       0xc8 ./Core/Src/mainpp.o
                0x0000000008000ae8                std_msgs::Time::deserialize(unsigned char*)
 .text._ZN8std_msgs4Time7getTypeEv
                0x0000000008000bb0       0x1c ./Core/Src/mainpp.o
                0x0000000008000bb0                std_msgs::Time::getType()
 .text._ZN8std_msgs4Time6getMD5Ev
                0x0000000008000bcc       0x1c ./Core/Src/mainpp.o
                0x0000000008000bcc                std_msgs::Time::getMD5()
 .text._ZN14rosserial_msgs9TopicInfoC2Ev
                0x0000000008000be8       0x48 ./Core/Src/mainpp.o
                0x0000000008000be8                rosserial_msgs::TopicInfo::TopicInfo()
                0x0000000008000be8                rosserial_msgs::TopicInfo::TopicInfo()
 .text._ZNK14rosserial_msgs9TopicInfo9serializeEPh
                0x0000000008000c30      0x136 ./Core/Src/mainpp.o
                0x0000000008000c30                rosserial_msgs::TopicInfo::serialize(unsigned char*) const
 .text._ZN14rosserial_msgs9TopicInfo11deserializeEPh
                0x0000000008000d66      0x1d0 ./Core/Src/mainpp.o
                0x0000000008000d66                rosserial_msgs::TopicInfo::deserialize(unsigned char*)
 *fill*         0x0000000008000f36        0x2 
 .text._ZN14rosserial_msgs9TopicInfo7getTypeEv
                0x0000000008000f38       0x1c ./Core/Src/mainpp.o
                0x0000000008000f38                rosserial_msgs::TopicInfo::getType()
 .text._ZN14rosserial_msgs9TopicInfo6getMD5Ev
                0x0000000008000f54       0x1c ./Core/Src/mainpp.o
                0x0000000008000f54                rosserial_msgs::TopicInfo::getMD5()
 .text._ZN14rosserial_msgs3LogC2Ev
                0x0000000008000f70       0x34 ./Core/Src/mainpp.o
                0x0000000008000f70                rosserial_msgs::Log::Log()
                0x0000000008000f70                rosserial_msgs::Log::Log()
 .text._ZNK14rosserial_msgs3Log9serializeEPh
                0x0000000008000fa4       0x64 ./Core/Src/mainpp.o
                0x0000000008000fa4                rosserial_msgs::Log::serialize(unsigned char*) const
 .text._ZN14rosserial_msgs3Log11deserializeEPh
                0x0000000008001008       0x90 ./Core/Src/mainpp.o
                0x0000000008001008                rosserial_msgs::Log::deserialize(unsigned char*)
 .text._ZN14rosserial_msgs3Log7getTypeEv
                0x0000000008001098       0x1c ./Core/Src/mainpp.o
                0x0000000008001098                rosserial_msgs::Log::getType()
 .text._ZN14rosserial_msgs3Log6getMD5Ev
                0x00000000080010b4       0x1c ./Core/Src/mainpp.o
                0x00000000080010b4                rosserial_msgs::Log::getMD5()
 .text._ZN14rosserial_msgs20RequestParamResponseC2Ev
                0x00000000080010d0       0x5c ./Core/Src/mainpp.o
                0x00000000080010d0                rosserial_msgs::RequestParamResponse::RequestParamResponse()
                0x00000000080010d0                rosserial_msgs::RequestParamResponse::RequestParamResponse()
 .text._ZNK14rosserial_msgs20RequestParamResponse9serializeEPh
                0x000000000800112c      0x222 ./Core/Src/mainpp.o
                0x000000000800112c                rosserial_msgs::RequestParamResponse::serialize(unsigned char*) const
 .text._ZN14rosserial_msgs20RequestParamResponse11deserializeEPh
                0x000000000800134e      0x2e2 ./Core/Src/mainpp.o
                0x000000000800134e                rosserial_msgs::RequestParamResponse::deserialize(unsigned char*)
 .text._ZN14rosserial_msgs20RequestParamResponse7getTypeEv
                0x0000000008001630       0x1c ./Core/Src/mainpp.o
                0x0000000008001630                rosserial_msgs::RequestParamResponse::getType()
 .text._ZN14rosserial_msgs20RequestParamResponse6getMD5Ev
                0x000000000800164c       0x1c ./Core/Src/mainpp.o
                0x000000000800164c                rosserial_msgs::RequestParamResponse::getMD5()
 .text._ZN3ros9PublisherC2EPKcPNS_3MsgEi
                0x0000000008001668       0x2e ./Core/Src/mainpp.o
                0x0000000008001668                ros::Publisher::Publisher(char const*, ros::Msg*, int)
                0x0000000008001668                ros::Publisher::Publisher(char const*, ros::Msg*, int)
 .text._ZN3ros9Publisher15getEndpointTypeEv
                0x0000000008001696       0x18 ./Core/Src/mainpp.o
                0x0000000008001696                ros::Publisher::getEndpointType()
 .text._ZN13STM32Hardware10getRdmaIndEv
                0x00000000080016ae       0x26 ./Core/Src/mainpp.o
                0x00000000080016ae                STM32Hardware::getRdmaInd()
 .text._ZN13STM32HardwareC2Ev
                0x00000000080016d4       0x38 ./Core/Src/mainpp.o
                0x00000000080016d4                STM32Hardware::STM32Hardware()
                0x00000000080016d4                STM32Hardware::STM32Hardware()
 .text._ZN13STM32Hardware4initEv
                0x000000000800170c       0x16 ./Core/Src/mainpp.o
                0x000000000800170c                STM32Hardware::init()
 .text._ZN13STM32Hardware10reset_rbufEv
                0x0000000008001722       0x22 ./Core/Src/mainpp.o
                0x0000000008001722                STM32Hardware::reset_rbuf()
 .text._ZN13STM32Hardware4readEv
                0x0000000008001744       0x5a ./Core/Src/mainpp.o
                0x0000000008001744                STM32Hardware::read()
 *fill*         0x000000000800179e        0x2 
 .text._ZN13STM32Hardware5flushEv
                0x00000000080017a0       0xe8 ./Core/Src/mainpp.o
                0x00000000080017a0                STM32Hardware::flush()
 .text._ZN13STM32Hardware5writeEPhi
                0x0000000008001888       0x8c ./Core/Src/mainpp.o
                0x0000000008001888                STM32Hardware::write(unsigned char*, int)
 .text._ZN13STM32Hardware4timeEv
                0x0000000008001914       0x16 ./Core/Src/mainpp.o
                0x0000000008001914                STM32Hardware::time()
 *fill*         0x000000000800192a        0x2 
 .text._ZN8std_msgs6StringC2Ev
                0x000000000800192c       0x30 ./Core/Src/mainpp.o
                0x000000000800192c                std_msgs::String::String()
                0x000000000800192c                std_msgs::String::String()
 .text._ZNK8std_msgs6String9serializeEPh
                0x000000000800195c       0x52 ./Core/Src/mainpp.o
                0x000000000800195c                std_msgs::String::serialize(unsigned char*) const
 .text._ZN8std_msgs6String11deserializeEPh
                0x00000000080019ae       0x7e ./Core/Src/mainpp.o
                0x00000000080019ae                std_msgs::String::deserialize(unsigned char*)
 .text._ZN8std_msgs6String7getTypeEv
                0x0000000008001a2c       0x1c ./Core/Src/mainpp.o
                0x0000000008001a2c                std_msgs::String::getType()
 .text._ZN8std_msgs6String6getMD5Ev
                0x0000000008001a48       0x1c ./Core/Src/mainpp.o
                0x0000000008001a48                std_msgs::String::getMD5()
 .text._ZN3ros15NodeHandleBase_C2Ev
                0x0000000008001a64       0x20 ./Core/Src/mainpp.o
                0x0000000008001a64                ros::NodeHandleBase_::NodeHandleBase_()
                0x0000000008001a64                ros::NodeHandleBase_::NodeHandleBase_()
 .text._ZN3ros11NodeHandle_I13STM32HardwareLi25ELi25ELi512ELi512EEC2Ev
                0x0000000008001a84       0xf0 ./Core/Src/mainpp.o
                0x0000000008001a84                ros::NodeHandle_<STM32Hardware, 25, 25, 512, 512>::NodeHandle_()
                0x0000000008001a84                ros::NodeHandle_<STM32Hardware, 25, 25, 512, 512>::NodeHandle_()
 .text.HAL_UART_TxCpltCallback
                0x0000000008001b74       0x24 ./Core/Src/mainpp.o
                0x0000000008001b74                HAL_UART_TxCpltCallback
 .text.HAL_UART_RxCpltCallback
                0x0000000008001b98       0x24 ./Core/Src/mainpp.o
                0x0000000008001b98                HAL_UART_RxCpltCallback
 .text.setup    0x0000000008001bbc       0x20 ./Core/Src/mainpp.o
                0x0000000008001bbc                setup
 .text._ZN3ros3Msg8varToArrIPhmEEvT_T0_
                0x0000000008001bdc       0x3c ./Core/Src/mainpp.o
                0x0000000008001bdc                void ros::Msg::varToArr<unsigned char*, unsigned long>(unsigned char*, unsigned long)
 .text._ZN3ros3Msg8arrToVarImPhEEvRT_T0_
                0x0000000008001c18       0x4a ./Core/Src/mainpp.o
                0x0000000008001c18                void ros::Msg::arrToVar<unsigned long, unsigned char*>(unsigned long&, unsigned char*)
 .text._ZN3ros11NodeHandle_I13STM32HardwareLi25ELi25ELi512ELi512EE11getHardwareEv
                0x0000000008001c62       0x18 ./Core/Src/mainpp.o
                0x0000000008001c62                ros::NodeHandle_<STM32Hardware, 25, 25, 512, 512>::getHardware()
 .text._ZN3ros11NodeHandle_I13STM32HardwareLi25ELi25ELi512ELi512EE8initNodeEv
                0x0000000008001c7a       0x3a ./Core/Src/mainpp.o
                0x0000000008001c7a                ros::NodeHandle_<STM32Hardware, 25, 25, 512, 512>::initNode()
 .text._ZN3ros11NodeHandle_I13STM32HardwareLi25ELi25ELi512ELi512EE9advertiseERNS_9PublisherE
                0x0000000008001cb4       0x60 ./Core/Src/mainpp.o
                0x0000000008001cb4                ros::NodeHandle_<STM32Hardware, 25, 25, 512, 512>::advertise(ros::Publisher&)
 .text._ZN3ros11NodeHandle_I13STM32HardwareLi25ELi25ELi512ELi512EE8spinOnceEv
                0x0000000008001d14      0x3b2 ./Core/Src/mainpp.o
                0x0000000008001d14                ros::NodeHandle_<STM32Hardware, 25, 25, 512, 512>::spinOnce()
 .text._ZN3ros11NodeHandle_I13STM32HardwareLi25ELi25ELi512ELi512EE15requestSyncTimeEv
                0x00000000080020c6       0x3c ./Core/Src/mainpp.o
                0x00000000080020c6                ros::NodeHandle_<STM32Hardware, 25, 25, 512, 512>::requestSyncTime()
 .text._ZN3ros11NodeHandle_I13STM32HardwareLi25ELi25ELi512ELi512EE15negotiateTopicsEv
                0x0000000008002102      0x1be ./Core/Src/mainpp.o
                0x0000000008002102                ros::NodeHandle_<STM32Hardware, 25, 25, 512, 512>::negotiateTopics()
 .text._ZN3ros11NodeHandle_I13STM32HardwareLi25ELi25ELi512ELi512EE8syncTimeEPh
                0x00000000080022c0       0x98 ./Core/Src/mainpp.o
                0x00000000080022c0                ros::NodeHandle_<STM32Hardware, 25, 25, 512, 512>::syncTime(unsigned char*)
 .text._ZN3ros11NodeHandle_I13STM32HardwareLi25ELi25ELi512ELi512EE7publishEiPKNS_3MsgE
                0x0000000008002358      0x128 ./Core/Src/mainpp.o
                0x0000000008002358                ros::NodeHandle_<STM32Hardware, 25, 25, 512, 512>::publish(int, ros::Msg const*)
 .text._ZN3ros11NodeHandle_I13STM32HardwareLi25ELi25ELi512ELi512EE6setNowERKNS_4TimeE
                0x0000000008002480       0x80 ./Core/Src/mainpp.o
                0x0000000008002480                ros::NodeHandle_<STM32Hardware, 25, 25, 512, 512>::setNow(ros::Time const&)
 .text._ZN3ros11NodeHandle_I13STM32HardwareLi25ELi25ELi512ELi512EE8logerrorEPKc
                0x0000000008002500       0x1c ./Core/Src/mainpp.o
                0x0000000008002500                ros::NodeHandle_<STM32Hardware, 25, 25, 512, 512>::logerror(char const*)
 .text._ZN3ros11NodeHandle_I13STM32HardwareLi25ELi25ELi512ELi512EE3logEcPKc
                0x000000000800251c       0x38 ./Core/Src/mainpp.o
                0x000000000800251c                ros::NodeHandle_<STM32Hardware, 25, 25, 512, 512>::log(char, char const*)
 .text._Z41__static_initialization_and_destruction_0ii
                0x0000000008002554       0x4c ./Core/Src/mainpp.o
 .text._ZN3ros11NodeHandle_I13STM32HardwareLi25ELi25ELi512ELi512EE9connectedEv
                0x00000000080025a0       0x1a ./Core/Src/mainpp.o
                0x00000000080025a0                ros::NodeHandle_<STM32Hardware, 25, 25, 512, 512>::connected()
 .text._GLOBAL__sub_I_nh
                0x00000000080025ba       0x10 ./Core/Src/mainpp.o
 *fill*         0x00000000080025ca        0x2 
 .text.HAL_MspInit
                0x00000000080025cc       0x50 ./Core/Src/stm32f4xx_hal_msp.o
                0x00000000080025cc                HAL_MspInit
 .text.HAL_UART_MspInit
                0x000000000800261c      0x2b0 ./Core/Src/stm32f4xx_hal_msp.o
                0x000000000800261c                HAL_UART_MspInit
 .text.NMI_Handler
                0x00000000080028cc        0x6 ./Core/Src/stm32f4xx_it.o
                0x00000000080028cc                NMI_Handler
 .text.HardFault_Handler
                0x00000000080028d2        0x6 ./Core/Src/stm32f4xx_it.o
                0x00000000080028d2                HardFault_Handler
 .text.MemManage_Handler
                0x00000000080028d8        0x6 ./Core/Src/stm32f4xx_it.o
                0x00000000080028d8                MemManage_Handler
 .text.BusFault_Handler
                0x00000000080028de        0x6 ./Core/Src/stm32f4xx_it.o
                0x00000000080028de                BusFault_Handler
 .text.UsageFault_Handler
                0x00000000080028e4        0x6 ./Core/Src/stm32f4xx_it.o
                0x00000000080028e4                UsageFault_Handler
 .text.SVC_Handler
                0x00000000080028ea        0xe ./Core/Src/stm32f4xx_it.o
                0x00000000080028ea                SVC_Handler
 .text.DebugMon_Handler
                0x00000000080028f8        0xe ./Core/Src/stm32f4xx_it.o
                0x00000000080028f8                DebugMon_Handler
 .text.PendSV_Handler
                0x0000000008002906        0xe ./Core/Src/stm32f4xx_it.o
                0x0000000008002906                PendSV_Handler
 .text.SysTick_Handler
                0x0000000008002914        0xc ./Core/Src/stm32f4xx_it.o
                0x0000000008002914                SysTick_Handler
 .text.DMA1_Stream5_IRQHandler
                0x0000000008002920       0x14 ./Core/Src/stm32f4xx_it.o
                0x0000000008002920                DMA1_Stream5_IRQHandler
 .text.DMA1_Stream6_IRQHandler
                0x0000000008002934       0x14 ./Core/Src/stm32f4xx_it.o
                0x0000000008002934                DMA1_Stream6_IRQHandler
 .text.USART1_IRQHandler
                0x0000000008002948       0x14 ./Core/Src/stm32f4xx_it.o
                0x0000000008002948                USART1_IRQHandler
 .text.USART2_IRQHandler
                0x000000000800295c       0x14 ./Core/Src/stm32f4xx_it.o
                0x000000000800295c                USART2_IRQHandler
 .text.DMA2_Stream2_IRQHandler
                0x0000000008002970       0x14 ./Core/Src/stm32f4xx_it.o
                0x0000000008002970                DMA2_Stream2_IRQHandler
 .text.DMA2_Stream7_IRQHandler
                0x0000000008002984       0x14 ./Core/Src/stm32f4xx_it.o
                0x0000000008002984                DMA2_Stream7_IRQHandler
 .text._getpid  0x0000000008002998       0x10 ./Core/Src/syscalls.o
                0x0000000008002998                _getpid
 .text._kill    0x00000000080029a8       0x20 ./Core/Src/syscalls.o
                0x00000000080029a8                _kill
 .text._exit    0x00000000080029c8       0x14 ./Core/Src/syscalls.o
                0x00000000080029c8                _exit
 .text._sbrk    0x00000000080029dc       0x6c ./Core/Src/sysmem.o
                0x00000000080029dc                _sbrk
 .text.SystemInit
                0x0000000008002a48       0x24 ./Core/Src/system_stm32f4xx.o
                0x0000000008002a48                SystemInit
 .text.Reset_Handler
                0x0000000008002a6c       0x50 ./Core/Startup/startup_stm32f411ceux.o
                0x0000000008002a6c                Reset_Handler
 .text.Default_Handler
                0x0000000008002abc        0x2 ./Core/Startup/startup_stm32f411ceux.o
                0x0000000008002abc                RTC_Alarm_IRQHandler
                0x0000000008002abc                EXTI2_IRQHandler
                0x0000000008002abc                SPI4_IRQHandler
                0x0000000008002abc                TIM1_CC_IRQHandler
                0x0000000008002abc                DMA2_Stream5_IRQHandler
                0x0000000008002abc                PVD_IRQHandler
                0x0000000008002abc                SDIO_IRQHandler
                0x0000000008002abc                TAMP_STAMP_IRQHandler
                0x0000000008002abc                EXTI3_IRQHandler
                0x0000000008002abc                TIM1_UP_TIM10_IRQHandler
                0x0000000008002abc                I2C3_ER_IRQHandler
                0x0000000008002abc                EXTI0_IRQHandler
                0x0000000008002abc                I2C2_EV_IRQHandler
                0x0000000008002abc                DMA1_Stream2_IRQHandler
                0x0000000008002abc                FPU_IRQHandler
                0x0000000008002abc                SPI1_IRQHandler
                0x0000000008002abc                TIM1_BRK_TIM9_IRQHandler
                0x0000000008002abc                DMA2_Stream3_IRQHandler
                0x0000000008002abc                USART6_IRQHandler
                0x0000000008002abc                DMA2_Stream0_IRQHandler
                0x0000000008002abc                TIM4_IRQHandler
                0x0000000008002abc                I2C1_EV_IRQHandler
                0x0000000008002abc                DMA1_Stream1_IRQHandler
                0x0000000008002abc                TIM3_IRQHandler
                0x0000000008002abc                RCC_IRQHandler
                0x0000000008002abc                Default_Handler
                0x0000000008002abc                EXTI15_10_IRQHandler
                0x0000000008002abc                ADC_IRQHandler
                0x0000000008002abc                DMA1_Stream7_IRQHandler
                0x0000000008002abc                SPI5_IRQHandler
                0x0000000008002abc                TIM5_IRQHandler
                0x0000000008002abc                I2C3_EV_IRQHandler
                0x0000000008002abc                EXTI9_5_IRQHandler
                0x0000000008002abc                RTC_WKUP_IRQHandler
                0x0000000008002abc                SPI2_IRQHandler
                0x0000000008002abc                DMA1_Stream0_IRQHandler
                0x0000000008002abc                EXTI4_IRQHandler
                0x0000000008002abc                WWDG_IRQHandler
                0x0000000008002abc                TIM2_IRQHandler
                0x0000000008002abc                OTG_FS_WKUP_IRQHandler
                0x0000000008002abc                TIM1_TRG_COM_TIM11_IRQHandler
                0x0000000008002abc                EXTI1_IRQHandler
                0x0000000008002abc                I2C2_ER_IRQHandler
                0x0000000008002abc                DMA2_Stream1_IRQHandler
                0x0000000008002abc                FLASH_IRQHandler
                0x0000000008002abc                DMA2_Stream4_IRQHandler
                0x0000000008002abc                OTG_FS_IRQHandler
                0x0000000008002abc                SPI3_IRQHandler
                0x0000000008002abc                DMA1_Stream4_IRQHandler
                0x0000000008002abc                I2C1_ER_IRQHandler
                0x0000000008002abc                DMA2_Stream6_IRQHandler
                0x0000000008002abc                DMA1_Stream3_IRQHandler
 *fill*         0x0000000008002abe        0x2 
 .text.HAL_Init
                0x0000000008002ac0       0x44 ./Drivers/STM32F4xx_HAL_Driver/Src/stm32f4xx_hal.o
                0x0000000008002ac0                HAL_Init
 .text.HAL_InitTick
                0x0000000008002b04       0x60 ./Drivers/STM32F4xx_HAL_Driver/Src/stm32f4xx_hal.o
                0x0000000008002b04                HAL_InitTick
 .text.HAL_IncTick
                0x0000000008002b64       0x28 ./Drivers/STM32F4xx_HAL_Driver/Src/stm32f4xx_hal.o
                0x0000000008002b64                HAL_IncTick
 .text.HAL_GetTick
                0x0000000008002b8c       0x18 ./Drivers/STM32F4xx_HAL_Driver/Src/stm32f4xx_hal.o
                0x0000000008002b8c                HAL_GetTick
 .text.__NVIC_SetPriorityGrouping
                0x0000000008002ba4       0x48 ./Drivers/STM32F4xx_HAL_Driver/Src/stm32f4xx_hal_cortex.o
 .text.__NVIC_GetPriorityGrouping
                0x0000000008002bec       0x1c ./Drivers/STM32F4xx_HAL_Driver/Src/stm32f4xx_hal_cortex.o
 .text.__NVIC_EnableIRQ
                0x0000000008002c08       0x3c ./Drivers/STM32F4xx_HAL_Driver/Src/stm32f4xx_hal_cortex.o
 .text.__NVIC_SetPriority
                0x0000000008002c44       0x54 ./Drivers/STM32F4xx_HAL_Driver/Src/stm32f4xx_hal_cortex.o
 .text.NVIC_EncodePriority
                0x0000000008002c98       0x66 ./Drivers/STM32F4xx_HAL_Driver/Src/stm32f4xx_hal_cortex.o
 *fill*         0x0000000008002cfe        0x2 
 .text.SysTick_Config
                0x0000000008002d00       0x44 ./Drivers/STM32F4xx_HAL_Driver/Src/stm32f4xx_hal_cortex.o
 .text.HAL_NVIC_SetPriorityGrouping
                0x0000000008002d44       0x16 ./Drivers/STM32F4xx_HAL_Driver/Src/stm32f4xx_hal_cortex.o
                0x0000000008002d44                HAL_NVIC_SetPriorityGrouping
 .text.HAL_NVIC_SetPriority
                0x0000000008002d5a       0x38 ./Drivers/STM32F4xx_HAL_Driver/Src/stm32f4xx_hal_cortex.o
                0x0000000008002d5a                HAL_NVIC_SetPriority
 .text.HAL_NVIC_EnableIRQ
                0x0000000008002d92       0x1c ./Drivers/STM32F4xx_HAL_Driver/Src/stm32f4xx_hal_cortex.o
                0x0000000008002d92                HAL_NVIC_EnableIRQ
 .text.HAL_SYSTICK_Config
                0x0000000008002dae       0x18 ./Drivers/STM32F4xx_HAL_Driver/Src/stm32f4xx_hal_cortex.o
                0x0000000008002dae                HAL_SYSTICK_Config
 *fill*         0x0000000008002dc6        0x2 
 .text.HAL_DMA_Init
                0x0000000008002dc8      0x15c ./Drivers/STM32F4xx_HAL_Driver/Src/stm32f4xx_hal_dma.o
                0x0000000008002dc8                HAL_DMA_Init
 .text.HAL_DMA_Start_IT
                0x0000000008002f24       0xb0 ./Drivers/STM32F4xx_HAL_Driver/Src/stm32f4xx_hal_dma.o
                0x0000000008002f24                HAL_DMA_Start_IT
 .text.HAL_DMA_Abort
                0x0000000008002fd4       0xe0 ./Drivers/STM32F4xx_HAL_Driver/Src/stm32f4xx_hal_dma.o
                0x0000000008002fd4                HAL_DMA_Abort
 .text.HAL_DMA_Abort_IT
                0x00000000080030b4       0x44 ./Drivers/STM32F4xx_HAL_Driver/Src/stm32f4xx_hal_dma.o
                0x00000000080030b4                HAL_DMA_Abort_IT
 .text.HAL_DMA_IRQHandler
                0x00000000080030f8      0x314 ./Drivers/STM32F4xx_HAL_Driver/Src/stm32f4xx_hal_dma.o
                0x00000000080030f8                HAL_DMA_IRQHandler
 .text.DMA_SetConfig
                0x000000000800340c       0x5c ./Drivers/STM32F4xx_HAL_Driver/Src/stm32f4xx_hal_dma.o
 .text.DMA_CalcBaseAndBitshift
                0x0000000008003468       0x6c ./Drivers/STM32F4xx_HAL_Driver/Src/stm32f4xx_hal_dma.o
 .text.DMA_CheckFifoParam
                0x00000000080034d4       0xf8 ./Drivers/STM32F4xx_HAL_Driver/Src/stm32f4xx_hal_dma.o
 .text.HAL_GPIO_Init
                0x00000000080035cc      0x308 ./Drivers/STM32F4xx_HAL_Driver/Src/stm32f4xx_hal_gpio.o
                0x00000000080035cc                HAL_GPIO_Init
 .text.HAL_RCC_OscConfig
                0x00000000080038d4      0x4f0 ./Drivers/STM32F4xx_HAL_Driver/Src/stm32f4xx_hal_rcc.o
                0x00000000080038d4                HAL_RCC_OscConfig
 .text.HAL_RCC_ClockConfig
                0x0000000008003dc4      0x1cc ./Drivers/STM32F4xx_HAL_Driver/Src/stm32f4xx_hal_rcc.o
                0x0000000008003dc4                HAL_RCC_ClockConfig
 .text.HAL_RCC_GetSysClockFreq
                0x0000000008003f90      0x20c ./Drivers/STM32F4xx_HAL_Driver/Src/stm32f4xx_hal_rcc.o
                0x0000000008003f90                HAL_RCC_GetSysClockFreq
 .text.HAL_RCC_GetHCLKFreq
                0x000000000800419c       0x18 ./Drivers/STM32F4xx_HAL_Driver/Src/stm32f4xx_hal_rcc.o
                0x000000000800419c                HAL_RCC_GetHCLKFreq
 .text.HAL_RCC_GetPCLK1Freq
                0x00000000080041b4       0x28 ./Drivers/STM32F4xx_HAL_Driver/Src/stm32f4xx_hal_rcc.o
                0x00000000080041b4                HAL_RCC_GetPCLK1Freq
 .text.HAL_RCC_GetPCLK2Freq
                0x00000000080041dc       0x28 ./Drivers/STM32F4xx_HAL_Driver/Src/stm32f4xx_hal_rcc.o
                0x00000000080041dc                HAL_RCC_GetPCLK2Freq
 .text.HAL_UART_Init
                0x0000000008004204       0x9a ./Drivers/STM32F4xx_HAL_Driver/Src/stm32f4xx_hal_uart.o
                0x0000000008004204                HAL_UART_Init
 *fill*         0x000000000800429e        0x2 
 .text.HAL_UART_Transmit_DMA
                0x00000000080042a0       0xfc ./Drivers/STM32F4xx_HAL_Driver/Src/stm32f4xx_hal_uart.o
                0x00000000080042a0                HAL_UART_Transmit_DMA
 .text.HAL_UART_Receive_DMA
                0x000000000800439c       0x60 ./Drivers/STM32F4xx_HAL_Driver/Src/stm32f4xx_hal_uart.o
                0x000000000800439c                HAL_UART_Receive_DMA
 .text.HAL_UART_IRQHandler
                0x00000000080043fc      0x51c ./Drivers/STM32F4xx_HAL_Driver/Src/stm32f4xx_hal_uart.o
                0x00000000080043fc                HAL_UART_IRQHandler
 .text.HAL_UART_TxHalfCpltCallback
                0x0000000008004918       0x14 ./Drivers/STM32F4xx_HAL_Driver/Src/stm32f4xx_hal_uart.o
                0x0000000008004918                HAL_UART_TxHalfCpltCallback
 .text.HAL_UART_RxHalfCpltCallback
                0x000000000800492c       0x14 ./Drivers/STM32F4xx_HAL_Driver/Src/stm32f4xx_hal_uart.o
                0x000000000800492c                HAL_UART_RxHalfCpltCallback
 .text.HAL_UART_ErrorCallback
                0x0000000008004940       0x14 ./Drivers/STM32F4xx_HAL_Driver/Src/stm32f4xx_hal_uart.o
                0x0000000008004940                HAL_UART_ErrorCallback
 .text.HAL_UARTEx_RxEventCallback
                0x0000000008004954       0x18 ./Drivers/STM32F4xx_HAL_Driver/Src/stm32f4xx_hal_uart.o
                0x0000000008004954                HAL_UARTEx_RxEventCallback
 .text.UART_DMATransmitCplt
                0x000000000800496c       0x9a ./Drivers/STM32F4xx_HAL_Driver/Src/stm32f4xx_hal_uart.o
 .text.UART_DMATxHalfCplt
                0x0000000008004a06       0x1c ./Drivers/STM32F4xx_HAL_Driver/Src/stm32f4xx_hal_uart.o
 .text.UART_DMAReceiveCplt
                0x0000000008004a22      0x126 ./Drivers/STM32F4xx_HAL_Driver/Src/stm32f4xx_hal_uart.o
 .text.UART_DMARxHalfCplt
                0x0000000008004b48       0x36 ./Drivers/STM32F4xx_HAL_Driver/Src/stm32f4xx_hal_uart.o
 .text.UART_DMAError
                0x0000000008004b7e       0x94 ./Drivers/STM32F4xx_HAL_Driver/Src/stm32f4xx_hal_uart.o
 *fill*         0x0000000008004c12        0x2 
 .text.UART_Start_Receive_DMA
                0x0000000008004c14      0x13c ./Drivers/STM32F4xx_HAL_Driver/Src/stm32f4xx_hal_uart.o
                0x0000000008004c14                UART_Start_Receive_DMA
 .text.UART_EndTxTransfer
                0x0000000008004d50       0x50 ./Drivers/STM32F4xx_HAL_Driver/Src/stm32f4xx_hal_uart.o
 .text.UART_EndRxTransfer
                0x0000000008004da0       0xc6 ./Drivers/STM32F4xx_HAL_Driver/Src/stm32f4xx_hal_uart.o
 .text.UART_DMAAbortOnError
                0x0000000008004e66       0x28 ./Drivers/STM32F4xx_HAL_Driver/Src/stm32f4xx_hal_uart.o
 .text.UART_Transmit_IT
                0x0000000008004e8e       0xa0 ./Drivers/STM32F4xx_HAL_Driver/Src/stm32f4xx_hal_uart.o
 .text.UART_EndTransmit_IT
                0x0000000008004f2e       0x30 ./Drivers/STM32F4xx_HAL_Driver/Src/stm32f4xx_hal_uart.o
 .text.UART_Receive_IT
                0x0000000008004f5e      0x176 ./Drivers/STM32F4xx_HAL_Driver/Src/stm32f4xx_hal_uart.o
 .text.UART_SetConfig
                0x00000000080050d4      0x4e8 ./Drivers/STM32F4xx_HAL_Driver/Src/stm32f4xx_hal_uart.o
 .text._Z41__static_initialization_and_destruction_0ii
                0x00000000080055bc       0x4c ./Core/Src/mainpp.o
 .text._GLOBAL__sub_I_nh
                0x0000000008005608       0x10 ./Core/Src/mainpp.o
 .text.__cxa_pure_virtual
                0x0000000008005618        0x6 e:/stm32cubeide_1.12.0/stm32cubeide/plugins/com.st.stm32cube.ide.mcu.externaltools.gnu-tools-for-stm32.10.3-2021.10.win32_1.0.200.202301161003/tools/bin/../lib/gcc/arm-none-eabi/10.3.1/../../../../arm-none-eabi/lib/thumb/v7e-m+fp/hard\libstdc++_nano.a(pure.o)
                0x0000000008005618                __cxa_pure_virtual
 .text._ZN10__cxxabiv111__terminateEPFvvE
                0x000000000800561e        0x8 e:/stm32cubeide_1.12.0/stm32cubeide/plugins/com.st.stm32cube.ide.mcu.externaltools.gnu-tools-for-stm32.10.3-2021.10.win32_1.0.200.202301161003/tools/bin/../lib/gcc/arm-none-eabi/10.3.1/../../../../arm-none-eabi/lib/thumb/v7e-m+fp/hard\libstdc++_nano.a(eh_terminate.o)
                0x000000000800561e                __cxxabiv1::__terminate(void (*)())
 *fill*         0x0000000008005626        0x2 
 .text._ZSt13get_terminatev
                0x0000000008005628       0x10 e:/stm32cubeide_1.12.0/stm32cubeide/plugins/com.st.stm32cube.ide.mcu.externaltools.gnu-tools-for-stm32.10.3-2021.10.win32_1.0.200.202301161003/tools/bin/../lib/gcc/arm-none-eabi/10.3.1/../../../../arm-none-eabi/lib/thumb/v7e-m+fp/hard\libstdc++_nano.a(eh_terminate.o)
                0x0000000008005628                std::get_terminate()
 .text._ZSt9terminatev
                0x0000000008005638        0xa e:/stm32cubeide_1.12.0/stm32cubeide/plugins/com.st.stm32cube.ide.mcu.externaltools.gnu-tools-for-stm32.10.3-2021.10.win32_1.0.200.202301161003/tools/bin/../lib/gcc/arm-none-eabi/10.3.1/../../../../arm-none-eabi/lib/thumb/v7e-m+fp/hard\libstdc++_nano.a(eh_terminate.o)
                0x0000000008005638                std::terminate()
 .text.abort    0x0000000008005642        0xe e:/stm32cubeide_1.12.0/stm32cubeide/plugins/com.st.stm32cube.ide.mcu.externaltools.gnu-tools-for-stm32.10.3-2021.10.win32_1.0.200.202301161003/tools/bin/../lib/gcc/arm-none-eabi/10.3.1/../../../../arm-none-eabi/lib/thumb/v7e-m+fp/hard\libc_nano.a(lib_a-abort.o)
                0x0000000008005642                abort
 .text.__errno  0x0000000008005650        0xc e:/stm32cubeide_1.12.0/stm32cubeide/plugins/com.st.stm32cube.ide.mcu.externaltools.gnu-tools-for-stm32.10.3-2021.10.win32_1.0.200.202301161003/tools/bin/../lib/gcc/arm-none-eabi/10.3.1/../../../../arm-none-eabi/lib/thumb/v7e-m+fp/hard\libc_nano.a(lib_a-errno.o)
                0x0000000008005650                __errno
 .text.__libc_init_array
                0x000000000800565c       0x48 e:/stm32cubeide_1.12.0/stm32cubeide/plugins/com.st.stm32cube.ide.mcu.externaltools.gnu-tools-for-stm32.10.3-2021.10.win32_1.0.200.202301161003/tools/bin/../lib/gcc/arm-none-eabi/10.3.1/../../../../arm-none-eabi/lib/thumb/v7e-m+fp/hard\libc_nano.a(lib_a-init.o)
                0x000000000800565c                __libc_init_array
 .text.memcpy   0x00000000080056a4       0x1c e:/stm32cubeide_1.12.0/stm32cubeide/plugins/com.st.stm32cube.ide.mcu.externaltools.gnu-tools-for-stm32.10.3-2021.10.win32_1.0.200.202301161003/tools/bin/../lib/gcc/arm-none-eabi/10.3.1/../../../../arm-none-eabi/lib/thumb/v7e-m+fp/hard\libc_nano.a(lib_a-memcpy-stub.o)
                0x00000000080056a4                memcpy
 .text.memset   0x00000000080056c0       0x10 e:/stm32cubeide_1.12.0/stm32cubeide/plugins/com.st.stm32cube.ide.mcu.externaltools.gnu-tools-for-stm32.10.3-2021.10.win32_1.0.200.202301161003/tools/bin/../lib/gcc/arm-none-eabi/10.3.1/../../../../arm-none-eabi/lib/thumb/v7e-m+fp/hard\libc_nano.a(lib_a-memset.o)
                0x00000000080056c0                memset
 .text.realloc  0x00000000080056d0       0x10 e:/stm32cubeide_1.12.0/stm32cubeide/plugins/com.st.stm32cube.ide.mcu.externaltools.gnu-tools-for-stm32.10.3-2021.10.win32_1.0.200.202301161003/tools/bin/../lib/gcc/arm-none-eabi/10.3.1/../../../../arm-none-eabi/lib/thumb/v7e-m+fp/hard\libc_nano.a(lib_a-realloc.o)
                0x00000000080056d0                realloc
 .text._raise_r
                0x00000000080056e0       0x50 e:/stm32cubeide_1.12.0/stm32cubeide/plugins/com.st.stm32cube.ide.mcu.externaltools.gnu-tools-for-stm32.10.3-2021.10.win32_1.0.200.202301161003/tools/bin/../lib/gcc/arm-none-eabi/10.3.1/../../../../arm-none-eabi/lib/thumb/v7e-m+fp/hard\libc_nano.a(lib_a-signal.o)
                0x00000000080056e0                _raise_r
 .text.raise    0x0000000008005730       0x10 e:/stm32cubeide_1.12.0/stm32cubeide/plugins/com.st.stm32cube.ide.mcu.externaltools.gnu-tools-for-stm32.10.3-2021.10.win32_1.0.200.202301161003/tools/bin/../lib/gcc/arm-none-eabi/10.3.1/../../../../arm-none-eabi/lib/thumb/v7e-m+fp/hard\libc_nano.a(lib_a-signal.o)
                0x0000000008005730                raise
 .text._kill_r  0x0000000008005740       0x24 e:/stm32cubeide_1.12.0/stm32cubeide/plugins/com.st.stm32cube.ide.mcu.externaltools.gnu-tools-for-stm32.10.3-2021.10.win32_1.0.200.202301161003/tools/bin/../lib/gcc/arm-none-eabi/10.3.1/../../../../arm-none-eabi/lib/thumb/v7e-m+fp/hard\libc_nano.a(lib_a-signalr.o)
                0x0000000008005740                _kill_r
 .text._getpid_r
                0x0000000008005764        0x4 e:/stm32cubeide_1.12.0/stm32cubeide/plugins/com.st.stm32cube.ide.mcu.externaltools.gnu-tools-for-stm32.10.3-2021.10.win32_1.0.200.202301161003/tools/bin/../lib/gcc/arm-none-eabi/10.3.1/../../../../arm-none-eabi/lib/thumb/v7e-m+fp/hard\libc_nano.a(lib_a-signalr.o)
                0x0000000008005764                _getpid_r
 .text.sbrk_aligned
                0x0000000008005768       0x40 e:/stm32cubeide_1.12.0/stm32cubeide/plugins/com.st.stm32cube.ide.mcu.externaltools.gnu-tools-for-stm32.10.3-2021.10.win32_1.0.200.202301161003/tools/bin/../lib/gcc/arm-none-eabi/10.3.1/../../../../arm-none-eabi/lib/thumb/v7e-m+fp/hard\libc_nano.a(lib_a-nano-mallocr.o)
 .text._malloc_r
                0x00000000080057a8       0xe8 e:/stm32cubeide_1.12.0/stm32cubeide/plugins/com.st.stm32cube.ide.mcu.externaltools.gnu-tools-for-stm32.10.3-2021.10.win32_1.0.200.202301161003/tools/bin/../lib/gcc/arm-none-eabi/10.3.1/../../../../arm-none-eabi/lib/thumb/v7e-m+fp/hard\libc_nano.a(lib_a-nano-mallocr.o)
                0x00000000080057a8                _malloc_r
 .text._realloc_r
                0x0000000008005890       0x5e e:/stm32cubeide_1.12.0/stm32cubeide/plugins/com.st.stm32cube.ide.mcu.externaltools.gnu-tools-for-stm32.10.3-2021.10.win32_1.0.200.202301161003/tools/bin/../lib/gcc/arm-none-eabi/10.3.1/../../../../arm-none-eabi/lib/thumb/v7e-m+fp/hard\libc_nano.a(lib_a-nano-reallocr.o)
                0x0000000008005890                _realloc_r
 *fill*         0x00000000080058ee        0x2 
 .text._sbrk_r  0x00000000080058f0       0x20 e:/stm32cubeide_1.12.0/stm32cubeide/plugins/com.st.stm32cube.ide.mcu.externaltools.gnu-tools-for-stm32.10.3-2021.10.win32_1.0.200.202301161003/tools/bin/../lib/gcc/arm-none-eabi/10.3.1/../../../../arm-none-eabi/lib/thumb/v7e-m+fp/hard\libc_nano.a(lib_a-sbrkr.o)
                0x00000000080058f0                _sbrk_r
 .text.__malloc_lock
                0x0000000008005910        0xc e:/stm32cubeide_1.12.0/stm32cubeide/plugins/com.st.stm32cube.ide.mcu.externaltools.gnu-tools-for-stm32.10.3-2021.10.win32_1.0.200.202301161003/tools/bin/../lib/gcc/arm-none-eabi/10.3.1/../../../../arm-none-eabi/lib/thumb/v7e-m+fp/hard\libc_nano.a(lib_a-mlock.o)
                0x0000000008005910                __malloc_lock
 .text.__malloc_unlock
                0x000000000800591c        0xc e:/stm32cubeide_1.12.0/stm32cubeide/plugins/com.st.stm32cube.ide.mcu.externaltools.gnu-tools-for-stm32.10.3-2021.10.win32_1.0.200.202301161003/tools/bin/../lib/gcc/arm-none-eabi/10.3.1/../../../../arm-none-eabi/lib/thumb/v7e-m+fp/hard\libc_nano.a(lib_a-mlock.o)
                0x000000000800591c                __malloc_unlock
 .text._free_r  0x0000000008005928       0x98 e:/stm32cubeide_1.12.0/stm32cubeide/plugins/com.st.stm32cube.ide.mcu.externaltools.gnu-tools-for-stm32.10.3-2021.10.win32_1.0.200.202301161003/tools/bin/../lib/gcc/arm-none-eabi/10.3.1/../../../../arm-none-eabi/lib/thumb/v7e-m+fp/hard\libc_nano.a(lib_a-nano-freer.o)
                0x0000000008005928                _free_r
 .text._malloc_usable_size_r
                0x00000000080059c0       0x10 e:/stm32cubeide_1.12.0/stm32cubeide/plugins/com.st.stm32cube.ide.mcu.externaltools.gnu-tools-for-stm32.10.3-2021.10.win32_1.0.200.202301161003/tools/bin/../lib/gcc/arm-none-eabi/10.3.1/../../../../arm-none-eabi/lib/thumb/v7e-m+fp/hard\libc_nano.a(lib_a-nano-msizer.o)
                0x00000000080059c0                _malloc_usable_size_r
 .text.__retarget_lock_acquire_recursive
                0x00000000080059d0        0x2 e:/stm32cubeide_1.12.0/stm32cubeide/plugins/com.st.stm32cube.ide.mcu.externaltools.gnu-tools-for-stm32.10.3-2021.10.win32_1.0.200.202301161003/tools/bin/../lib/gcc/arm-none-eabi/10.3.1/../../../../arm-none-eabi/lib/thumb/v7e-m+fp/hard\libc_nano.a(lib_a-lock.o)
                0x00000000080059d0                __retarget_lock_acquire_recursive
 .text.__retarget_lock_release_recursive
                0x00000000080059d2        0x2 e:/stm32cubeide_1.12.0/stm32cubeide/plugins/com.st.stm32cube.ide.mcu.externaltools.gnu-tools-for-stm32.10.3-2021.10.win32_1.0.200.202301161003/tools/bin/../lib/gcc/arm-none-eabi/10.3.1/../../../../arm-none-eabi/lib/thumb/v7e-m+fp/hard\libc_nano.a(lib_a-lock.o)
                0x00000000080059d2                __retarget_lock_release_recursive
 *(.glue_7)
 .glue_7        0x00000000080059d4        0x0 linker stubs
 *(.glue_7t)
 .glue_7t       0x00000000080059d4        0x0 linker stubs
 *(.eh_frame)
 .eh_frame      0x00000000080059d4        0x0 e:/stm32cubeide_1.12.0/stm32cubeide/plugins/com.st.stm32cube.ide.mcu.externaltools.gnu-tools-for-stm32.10.3-2021.10.win32_1.0.200.202301161003/tools/bin/../lib/gcc/arm-none-eabi/10.3.1/thumb/v7e-m+fp/hard/crtbegin.o
 *(.init)
 .init          0x00000000080059d4        0x4 e:/stm32cubeide_1.12.0/stm32cubeide/plugins/com.st.stm32cube.ide.mcu.externaltools.gnu-tools-for-stm32.10.3-2021.10.win32_1.0.200.202301161003/tools/bin/../lib/gcc/arm-none-eabi/10.3.1/thumb/v7e-m+fp/hard/crti.o
                0x00000000080059d4                _init
 .init          0x00000000080059d8        0x8 e:/stm32cubeide_1.12.0/stm32cubeide/plugins/com.st.stm32cube.ide.mcu.externaltools.gnu-tools-for-stm32.10.3-2021.10.win32_1.0.200.202301161003/tools/bin/../lib/gcc/arm-none-eabi/10.3.1/thumb/v7e-m+fp/hard/crtn.o
 *(.fini)
 .fini          0x00000000080059e0        0x4 e:/stm32cubeide_1.12.0/stm32cubeide/plugins/com.st.stm32cube.ide.mcu.externaltools.gnu-tools-for-stm32.10.3-2021.10.win32_1.0.200.202301161003/tools/bin/../lib/gcc/arm-none-eabi/10.3.1/thumb/v7e-m+fp/hard/crti.o
                0x00000000080059e0                _fini
 .fini          0x00000000080059e4        0x8 e:/stm32cubeide_1.12.0/stm32cubeide/plugins/com.st.stm32cube.ide.mcu.externaltools.gnu-tools-for-stm32.10.3-2021.10.win32_1.0.200.202301161003/tools/bin/../lib/gcc/arm-none-eabi/10.3.1/thumb/v7e-m+fp/hard/crtn.o
                0x00000000080059ec                . = ALIGN (0x4)
                0x00000000080059ec                _etext = .

.vfp11_veneer   0x00000000080059ec        0x0
 .vfp11_veneer  0x00000000080059ec        0x0 linker stubs

.v4_bx          0x00000000080059ec        0x0
 .v4_bx         0x00000000080059ec        0x0 linker stubs

.iplt           0x00000000080059ec        0x0
 .iplt          0x00000000080059ec        0x0 e:/stm32cubeide_1.12.0/stm32cubeide/plugins/com.st.stm32cube.ide.mcu.externaltools.gnu-tools-for-stm32.10.3-2021.10.win32_1.0.200.202301161003/tools/bin/../lib/gcc/arm-none-eabi/10.3.1/thumb/v7e-m+fp/hard/crtbegin.o

.rodata         0x00000000080059ec      0x38c
                0x00000000080059ec                . = ALIGN (0x4)
 *(.rodata)
 .rodata        0x00000000080059ec      0x14c ./Core/Src/mainpp.o
 .rodata        0x0000000008005b38      0x14c ./Core/Src/mainpp.o
 *(.rodata*)
 .rodata._ZN14rosserial_msgsL12REQUESTPARAME
                0x0000000008005c84       0x1c ./Core/Src/mainpp.o
 .rodata._ZTVN3ros11NodeHandle_I13STM32HardwareLi25ELi25ELi512ELi512EEE
                0x0000000008005ca0       0x14 ./Core/Src/mainpp.o
                0x0000000008005ca0                vtable for ros::NodeHandle_<STM32Hardware, 25, 25, 512, 512>
 .rodata._ZTVN8std_msgs6StringE
                0x0000000008005cb4       0x18 ./Core/Src/mainpp.o
                0x0000000008005cb4                vtable for std_msgs::String
 .rodata._ZTVN3ros15NodeHandleBase_E
                0x0000000008005ccc       0x14 ./Core/Src/mainpp.o
                0x0000000008005ccc                vtable for ros::NodeHandleBase_
 .rodata._ZTVN14rosserial_msgs20RequestParamResponseE
                0x0000000008005ce0       0x18 ./Core/Src/mainpp.o
                0x0000000008005ce0                vtable for rosserial_msgs::RequestParamResponse
 .rodata._ZTVN14rosserial_msgs3LogE
                0x0000000008005cf8       0x18 ./Core/Src/mainpp.o
                0x0000000008005cf8                vtable for rosserial_msgs::Log
 .rodata._ZTVN14rosserial_msgs9TopicInfoE
                0x0000000008005d10       0x18 ./Core/Src/mainpp.o
                0x0000000008005d10                vtable for rosserial_msgs::TopicInfo
 .rodata._ZTVN8std_msgs4TimeE
                0x0000000008005d28       0x18 ./Core/Src/mainpp.o
                0x0000000008005d28                vtable for std_msgs::Time
 .rodata._ZTVN3ros3MsgE
                0x0000000008005d40       0x18 ./Core/Src/mainpp.o
                0x0000000008005d40                vtable for ros::Msg
 .rodata.AHBPrescTable
                0x0000000008005d58       0x10 ./Core/Src/system_stm32f4xx.o
                0x0000000008005d58                AHBPrescTable
 .rodata.APBPrescTable
                0x0000000008005d68        0x8 ./Core/Src/system_stm32f4xx.o
                0x0000000008005d68                APBPrescTable
 .rodata.flagBitshiftOffset.0
                0x0000000008005d70        0x8 ./Drivers/STM32F4xx_HAL_Driver/Src/stm32f4xx_hal_dma.o
                0x0000000008005d78                . = ALIGN (0x4)

.ARM.extab      0x0000000008005d78        0x0
                0x0000000008005d78                . = ALIGN (0x4)
 *(.ARM.extab* .gnu.linkonce.armextab.*)
                0x0000000008005d78                . = ALIGN (0x4)

.ARM            0x0000000008005d78        0x8
                0x0000000008005d78                . = ALIGN (0x4)
                0x0000000008005d78                __exidx_start = .
 *(.ARM.exidx*)
 .ARM.exidx     0x0000000008005d78        0x8 e:/stm32cubeide_1.12.0/stm32cubeide/plugins/com.st.stm32cube.ide.mcu.externaltools.gnu-tools-for-stm32.10.3-2021.10.win32_1.0.200.202301161003/tools/bin/../lib/gcc/arm-none-eabi/10.3.1/thumb/v7e-m+fp/hard\libgcc.a(_udivmoddi4.o)
                0x0000000008005d80                __exidx_end = .
                0x0000000008005d80                . = ALIGN (0x4)

.rel.dyn        0x0000000008005d80        0x0
 .rel.iplt      0x0000000008005d80        0x0 e:/stm32cubeide_1.12.0/stm32cubeide/plugins/com.st.stm32cube.ide.mcu.externaltools.gnu-tools-for-stm32.10.3-2021.10.win32_1.0.200.202301161003/tools/bin/../lib/gcc/arm-none-eabi/10.3.1/thumb/v7e-m+fp/hard/crtbegin.o

.preinit_array  0x0000000008005d80        0x0
                0x0000000008005d80                . = ALIGN (0x4)
                0x0000000008005d80                PROVIDE (__preinit_array_start = .)
 *(.preinit_array*)
                0x0000000008005d80                PROVIDE (__preinit_array_end = .)
                0x0000000008005d80                . = ALIGN (0x4)

.init_array     0x0000000008005d80        0xc
                0x0000000008005d80                . = ALIGN (0x4)
                0x0000000008005d80                PROVIDE (__init_array_start = .)
 *(SORT_BY_NAME(.init_array.*))
 *(.init_array*)
 .init_array    0x0000000008005d80        0x4 e:/stm32cubeide_1.12.0/stm32cubeide/plugins/com.st.stm32cube.ide.mcu.externaltools.gnu-tools-for-stm32.10.3-2021.10.win32_1.0.200.202301161003/tools/bin/../lib/gcc/arm-none-eabi/10.3.1/thumb/v7e-m+fp/hard/crtbegin.o
 .init_array    0x0000000008005d84        0x4 ./Core/Src/mainpp.o
 .init_array    0x0000000008005d88        0x4 ./Core/Src/mainpp.o
                0x0000000008005d8c                PROVIDE (__init_array_end = .)
                0x0000000008005d8c                . = ALIGN (0x4)

.fini_array     0x0000000008005d8c        0x4
                0x0000000008005d8c                . = ALIGN (0x4)
                [!provide]                        PROVIDE (__fini_array_start = .)
 *(SORT_BY_NAME(.fini_array.*))
 *(.fini_array*)
 .fini_array    0x0000000008005d8c        0x4 e:/stm32cubeide_1.12.0/stm32cubeide/plugins/com.st.stm32cube.ide.mcu.externaltools.gnu-tools-for-stm32.10.3-2021.10.win32_1.0.200.202301161003/tools/bin/../lib/gcc/arm-none-eabi/10.3.1/thumb/v7e-m+fp/hard/crtbegin.o
                [!provide]                        PROVIDE (__fini_array_end = .)
                0x0000000008005d90                . = ALIGN (0x4)
                0x0000000008005d90                _sidata = LOADADDR (.data)

.data           0x0000000020000000       0x74 load address 0x0000000008005d90
                0x0000000020000000                . = ALIGN (0x4)
                0x0000000020000000                _sdata = .
 *(.data)
 *(.data*)
 .data.SystemCoreClock
                0x0000000020000000        0x4 ./Core/Src/system_stm32f4xx.o
                0x0000000020000000                SystemCoreClock
 .data.uwTickPrio
                0x0000000020000004        0x4 ./Drivers/STM32F4xx_HAL_Driver/Src/stm32f4xx_hal.o
                0x0000000020000004                uwTickPrio
 .data.uwTickFreq
                0x0000000020000008        0x1 ./Drivers/STM32F4xx_HAL_Driver/Src/stm32f4xx_hal.o
                0x0000000020000008                uwTickFreq
 *fill*         0x0000000020000009        0x3 
 .data._ZN10__cxxabiv119__terminate_handlerE
                0x000000002000000c        0x4 e:/stm32cubeide_1.12.0/stm32cubeide/plugins/com.st.stm32cube.ide.mcu.externaltools.gnu-tools-for-stm32.10.3-2021.10.win32_1.0.200.202301161003/tools/bin/../lib/gcc/arm-none-eabi/10.3.1/../../../../arm-none-eabi/lib/thumb/v7e-m+fp/hard\libstdc++_nano.a(eh_term_handler.o)
                0x000000002000000c                __cxxabiv1::__terminate_handler
 .data._impure_ptr
                0x0000000020000010        0x4 e:/stm32cubeide_1.12.0/stm32cubeide/plugins/com.st.stm32cube.ide.mcu.externaltools.gnu-tools-for-stm32.10.3-2021.10.win32_1.0.200.202301161003/tools/bin/../lib/gcc/arm-none-eabi/10.3.1/../../../../arm-none-eabi/lib/thumb/v7e-m+fp/hard\libc_nano.a(lib_a-impure.o)
                0x0000000020000010                _impure_ptr
 .data.impure_data
                0x0000000020000014       0x60 e:/stm32cubeide_1.12.0/stm32cubeide/plugins/com.st.stm32cube.ide.mcu.externaltools.gnu-tools-for-stm32.10.3-2021.10.win32_1.0.200.202301161003/tools/bin/../lib/gcc/arm-none-eabi/10.3.1/../../../../arm-none-eabi/lib/thumb/v7e-m+fp/hard\libc_nano.a(lib_a-impure.o)
 *(.RamFunc)
 *(.RamFunc*)
                0x0000000020000074                . = ALIGN (0x4)
                0x0000000020000074                _edata = .

.igot.plt       0x0000000020000074        0x0 load address 0x0000000008005e04
 .igot.plt      0x0000000020000074        0x0 e:/stm32cubeide_1.12.0/stm32cubeide/plugins/com.st.stm32cube.ide.mcu.externaltools.gnu-tools-for-stm32.10.3-2021.10.win32_1.0.200.202301161003/tools/bin/../lib/gcc/arm-none-eabi/10.3.1/thumb/v7e-m+fp/hard/crtbegin.o
                0x0000000020000074                . = ALIGN (0x4)

.bss            0x0000000020000074      0xb98 load address 0x0000000008005e04
                0x0000000020000074                _sbss = .
                0x0000000020000074                __bss_start__ = _sbss
 *(.bss)
 .bss           0x0000000020000074       0x1c e:/stm32cubeide_1.12.0/stm32cubeide/plugins/com.st.stm32cube.ide.mcu.externaltools.gnu-tools-for-stm32.10.3-2021.10.win32_1.0.200.202301161003/tools/bin/../lib/gcc/arm-none-eabi/10.3.1/thumb/v7e-m+fp/hard/crtbegin.o
 *(.bss*)
 .bss.huart1    0x0000000020000090       0x44 ./Core/Src/main.o
                0x0000000020000090                huart1
 .bss.huart2    0x00000000200000d4       0x44 ./Core/Src/main.o
                0x00000000200000d4                huart2
 .bss.hdma_usart1_rx
                0x0000000020000118       0x60 ./Core/Src/main.o
                0x0000000020000118                hdma_usart1_rx
 .bss.hdma_usart1_tx
                0x0000000020000178       0x60 ./Core/Src/main.o
                0x0000000020000178                hdma_usart1_tx
 .bss.hdma_usart2_rx
                0x00000000200001d8       0x60 ./Core/Src/main.o
                0x00000000200001d8                hdma_usart2_rx
 .bss.hdma_usart2_tx
                0x0000000020000238       0x60 ./Core/Src/main.o
                0x0000000020000238                hdma_usart2_tx
 .bss._ZZN13STM32Hardware5flushEvE5mutex
                0x0000000020000298        0x1 ./Core/Src/mainpp.o
                0x0000000020000298                STM32Hardware::flush()::mutex
 *fill*         0x0000000020000299        0x3 
 .bss.nh        0x000000002000029c      0x93c ./Core/Src/mainpp.o
                0x000000002000029c                nh
 .bss.str_msg   0x0000000020000bd8        0x8 ./Core/Src/mainpp.o
                0x0000000020000bd8                str_msg
 .bss.chatter   0x0000000020000be0       0x14 ./Core/Src/mainpp.o
                0x0000000020000be0                chatter
 .bss.__sbrk_heap_end
                0x0000000020000bf4        0x4 ./Core/Src/sysmem.o
 .bss.uwTick    0x0000000020000bf8        0x4 ./Drivers/STM32F4xx_HAL_Driver/Src/stm32f4xx_hal.o
                0x0000000020000bf8                uwTick
 .bss.__malloc_free_list
                0x0000000020000bfc        0x4 e:/stm32cubeide_1.12.0/stm32cubeide/plugins/com.st.stm32cube.ide.mcu.externaltools.gnu-tools-for-stm32.10.3-2021.10.win32_1.0.200.202301161003/tools/bin/../lib/gcc/arm-none-eabi/10.3.1/../../../../arm-none-eabi/lib/thumb/v7e-m+fp/hard\libc_nano.a(lib_a-nano-mallocr.o)
                0x0000000020000bfc                __malloc_free_list
 .bss.__malloc_sbrk_start
                0x0000000020000c00        0x4 e:/stm32cubeide_1.12.0/stm32cubeide/plugins/com.st.stm32cube.ide.mcu.externaltools.gnu-tools-for-stm32.10.3-2021.10.win32_1.0.200.202301161003/tools/bin/../lib/gcc/arm-none-eabi/10.3.1/../../../../arm-none-eabi/lib/thumb/v7e-m+fp/hard\libc_nano.a(lib_a-nano-mallocr.o)
                0x0000000020000c00                __malloc_sbrk_start
 .bss.errno     0x0000000020000c04        0x4 e:/stm32cubeide_1.12.0/stm32cubeide/plugins/com.st.stm32cube.ide.mcu.externaltools.gnu-tools-for-stm32.10.3-2021.10.win32_1.0.200.202301161003/tools/bin/../lib/gcc/arm-none-eabi/10.3.1/../../../../arm-none-eabi/lib/thumb/v7e-m+fp/hard\libc_nano.a(lib_a-reent.o)
                0x0000000020000c04                errno
 .bss.__lock___malloc_recursive_mutex
                0x0000000020000c08        0x1 e:/stm32cubeide_1.12.0/stm32cubeide/plugins/com.st.stm32cube.ide.mcu.externaltools.gnu-tools-for-stm32.10.3-2021.10.win32_1.0.200.202301161003/tools/bin/../lib/gcc/arm-none-eabi/10.3.1/../../../../arm-none-eabi/lib/thumb/v7e-m+fp/hard\libc_nano.a(lib_a-lock.o)
                0x0000000020000c08                __lock___malloc_recursive_mutex
 *(COMMON)
                0x0000000020000c0c                . = ALIGN (0x4)
 *fill*         0x0000000020000c09        0x3 
                0x0000000020000c0c                _ebss = .
                0x0000000020000c0c                __bss_end__ = _ebss

._user_heap_stack
                0x0000000020000c0c      0x604 load address 0x0000000008005e04
                0x0000000020000c10                . = ALIGN (0x8)
 *fill*         0x0000000020000c0c        0x4 
                [!provide]                        PROVIDE (end = .)
                0x0000000020000c10                PROVIDE (_end = .)
                0x0000000020000e10                . = (. + _Min_Heap_Size)
 *fill*         0x0000000020000c10      0x200 
                0x0000000020001210                . = (. + _Min_Stack_Size)
 *fill*         0x0000000020000e10      0x400 
                0x0000000020001210                . = ALIGN (0x8)

/DISCARD/
 libc.a(*)
 libm.a(*)
 libgcc.a(*)

.ARM.attributes
                0x0000000000000000       0x30
 *(.ARM.attributes)
 .ARM.attributes
                0x0000000000000000       0x1e e:/stm32cubeide_1.12.0/stm32cubeide/plugins/com.st.stm32cube.ide.mcu.externaltools.gnu-tools-for-stm32.10.3-2021.10.win32_1.0.200.202301161003/tools/bin/../lib/gcc/arm-none-eabi/10.3.1/thumb/v7e-m+fp/hard/crti.o
 .ARM.attributes
                0x000000000000001e       0x34 e:/stm32cubeide_1.12.0/stm32cubeide/plugins/com.st.stm32cube.ide.mcu.externaltools.gnu-tools-for-stm32.10.3-2021.10.win32_1.0.200.202301161003/tools/bin/../lib/gcc/arm-none-eabi/10.3.1/thumb/v7e-m+fp/hard/crtbegin.o
 .ARM.attributes
                0x0000000000000052       0x34 ./Core/Inc/time.o
 .ARM.attributes
                0x0000000000000086       0x34 ./Core/Src/main.o
 .ARM.attributes
                0x00000000000000ba       0x34 ./Core/Src/mainpp.o
 .ARM.attributes
                0x00000000000000ee       0x34 ./Core/Src/stm32f4xx_hal_msp.o
 .ARM.attributes
                0x0000000000000122       0x34 ./Core/Src/stm32f4xx_it.o
 .ARM.attributes
                0x0000000000000156       0x34 ./Core/Src/syscalls.o
 .ARM.attributes
                0x000000000000018a       0x34 ./Core/Src/sysmem.o
 .ARM.attributes
                0x00000000000001be       0x34 ./Core/Src/system_stm32f4xx.o
 .ARM.attributes
                0x00000000000001f2       0x21 ./Core/Startup/startup_stm32f411ceux.o
 .ARM.attributes
                0x0000000000000213       0x34 ./Drivers/STM32F4xx_HAL_Driver/Src/stm32f4xx_hal.o
 .ARM.attributes
                0x0000000000000247       0x34 ./Drivers/STM32F4xx_HAL_Driver/Src/stm32f4xx_hal_cortex.o
 .ARM.attributes
                0x000000000000027b       0x34 ./Drivers/STM32F4xx_HAL_Driver/Src/stm32f4xx_hal_dma.o
 .ARM.attributes
                0x00000000000002af       0x34 ./Drivers/STM32F4xx_HAL_Driver/Src/stm32f4xx_hal_gpio.o
 .ARM.attributes
                0x00000000000002e3       0x34 ./Drivers/STM32F4xx_HAL_Driver/Src/stm32f4xx_hal_rcc.o
 .ARM.attributes
                0x0000000000000317       0x34 ./Drivers/STM32F4xx_HAL_Driver/Src/stm32f4xx_hal_uart.o
 .ARM.attributes
                0x000000000000034b       0x34 ./Core/Src/mainpp.o
 .ARM.attributes
                0x000000000000037f       0x21 ./Core/Startup/startup_stm32f411ceux.o
 .ARM.attributes
                0x00000000000003a0       0x34 e:/stm32cubeide_1.12.0/stm32cubeide/plugins/com.st.stm32cube.ide.mcu.externaltools.gnu-tools-for-stm32.10.3-2021.10.win32_1.0.200.202301161003/tools/bin/../lib/gcc/arm-none-eabi/10.3.1/../../../../arm-none-eabi/lib/thumb/v7e-m+fp/hard\libstdc++_nano.a(pure.o)
 .ARM.attributes
                0x00000000000003d4       0x34 e:/stm32cubeide_1.12.0/stm32cubeide/plugins/com.st.stm32cube.ide.mcu.externaltools.gnu-tools-for-stm32.10.3-2021.10.win32_1.0.200.202301161003/tools/bin/../lib/gcc/arm-none-eabi/10.3.1/../../../../arm-none-eabi/lib/thumb/v7e-m+fp/hard\libstdc++_nano.a(eh_terminate.o)
 .ARM.attributes
                0x0000000000000408       0x34 e:/stm32cubeide_1.12.0/stm32cubeide/plugins/com.st.stm32cube.ide.mcu.externaltools.gnu-tools-for-stm32.10.3-2021.10.win32_1.0.200.202301161003/tools/bin/../lib/gcc/arm-none-eabi/10.3.1/../../../../arm-none-eabi/lib/thumb/v7e-m+fp/hard\libstdc++_nano.a(eh_term_handler.o)
 .ARM.attributes
                0x000000000000043c       0x34 e:/stm32cubeide_1.12.0/stm32cubeide/plugins/com.st.stm32cube.ide.mcu.externaltools.gnu-tools-for-stm32.10.3-2021.10.win32_1.0.200.202301161003/tools/bin/../lib/gcc/arm-none-eabi/10.3.1/../../../../arm-none-eabi/lib/thumb/v7e-m+fp/hard\libc_nano.a(lib_a-abort.o)
 .ARM.attributes
                0x0000000000000470       0x34 e:/stm32cubeide_1.12.0/stm32cubeide/plugins/com.st.stm32cube.ide.mcu.externaltools.gnu-tools-for-stm32.10.3-2021.10.win32_1.0.200.202301161003/tools/bin/../lib/gcc/arm-none-eabi/10.3.1/../../../../arm-none-eabi/lib/thumb/v7e-m+fp/hard\libc_nano.a(lib_a-errno.o)
 .ARM.attributes
                0x00000000000004a4       0x34 e:/stm32cubeide_1.12.0/stm32cubeide/plugins/com.st.stm32cube.ide.mcu.externaltools.gnu-tools-for-stm32.10.3-2021.10.win32_1.0.200.202301161003/tools/bin/../lib/gcc/arm-none-eabi/10.3.1/../../../../arm-none-eabi/lib/thumb/v7e-m+fp/hard\libc_nano.a(lib_a-impure.o)
 .ARM.attributes
                0x00000000000004d8       0x34 e:/stm32cubeide_1.12.0/stm32cubeide/plugins/com.st.stm32cube.ide.mcu.externaltools.gnu-tools-for-stm32.10.3-2021.10.win32_1.0.200.202301161003/tools/bin/../lib/gcc/arm-none-eabi/10.3.1/../../../../arm-none-eabi/lib/thumb/v7e-m+fp/hard\libc_nano.a(lib_a-init.o)
 .ARM.attributes
                0x000000000000050c       0x34 e:/stm32cubeide_1.12.0/stm32cubeide/plugins/com.st.stm32cube.ide.mcu.externaltools.gnu-tools-for-stm32.10.3-2021.10.win32_1.0.200.202301161003/tools/bin/../lib/gcc/arm-none-eabi/10.3.1/../../../../arm-none-eabi/lib/thumb/v7e-m+fp/hard\libc_nano.a(lib_a-memcpy-stub.o)
 .ARM.attributes
                0x0000000000000540       0x34 e:/stm32cubeide_1.12.0/stm32cubeide/plugins/com.st.stm32cube.ide.mcu.externaltools.gnu-tools-for-stm32.10.3-2021.10.win32_1.0.200.202301161003/tools/bin/../lib/gcc/arm-none-eabi/10.3.1/../../../../arm-none-eabi/lib/thumb/v7e-m+fp/hard\libc_nano.a(lib_a-memset.o)
 .ARM.attributes
                0x0000000000000574       0x34 e:/stm32cubeide_1.12.0/stm32cubeide/plugins/com.st.stm32cube.ide.mcu.externaltools.gnu-tools-for-stm32.10.3-2021.10.win32_1.0.200.202301161003/tools/bin/../lib/gcc/arm-none-eabi/10.3.1/../../../../arm-none-eabi/lib/thumb/v7e-m+fp/hard\libc_nano.a(lib_a-realloc.o)
 .ARM.attributes
                0x00000000000005a8       0x34 e:/stm32cubeide_1.12.0/stm32cubeide/plugins/com.st.stm32cube.ide.mcu.externaltools.gnu-tools-for-stm32.10.3-2021.10.win32_1.0.200.202301161003/tools/bin/../lib/gcc/arm-none-eabi/10.3.1/../../../../arm-none-eabi/lib/thumb/v7e-m+fp/hard\libc_nano.a(lib_a-signal.o)
 .ARM.attributes
                0x00000000000005dc       0x34 e:/stm32cubeide_1.12.0/stm32cubeide/plugins/com.st.stm32cube.ide.mcu.externaltools.gnu-tools-for-stm32.10.3-2021.10.win32_1.0.200.202301161003/tools/bin/../lib/gcc/arm-none-eabi/10.3.1/../../../../arm-none-eabi/lib/thumb/v7e-m+fp/hard\libc_nano.a(lib_a-signalr.o)
 .ARM.attributes
                0x0000000000000610       0x17 e:/stm32cubeide_1.12.0/stm32cubeide/plugins/com.st.stm32cube.ide.mcu.externaltools.gnu-tools-for-stm32.10.3-2021.10.win32_1.0.200.202301161003/tools/bin/../lib/gcc/arm-none-eabi/10.3.1/../../../../arm-none-eabi/lib/thumb/v7e-m+fp/hard\libc_nano.a(lib_a-strlen.o)
 .ARM.attributes
                0x0000000000000627       0x34 e:/stm32cubeide_1.12.0/stm32cubeide/plugins/com.st.stm32cube.ide.mcu.externaltools.gnu-tools-for-stm32.10.3-2021.10.win32_1.0.200.202301161003/tools/bin/../lib/gcc/arm-none-eabi/10.3.1/../../../../arm-none-eabi/lib/thumb/v7e-m+fp/hard\libc_nano.a(lib_a-nano-mallocr.o)
 .ARM.attributes
                0x000000000000065b       0x34 e:/stm32cubeide_1.12.0/stm32cubeide/plugins/com.st.stm32cube.ide.mcu.externaltools.gnu-tools-for-stm32.10.3-2021.10.win32_1.0.200.202301161003/tools/bin/../lib/gcc/arm-none-eabi/10.3.1/../../../../arm-none-eabi/lib/thumb/v7e-m+fp/hard\libc_nano.a(lib_a-nano-reallocr.o)
 .ARM.attributes
                0x000000000000068f       0x34 e:/stm32cubeide_1.12.0/stm32cubeide/plugins/com.st.stm32cube.ide.mcu.externaltools.gnu-tools-for-stm32.10.3-2021.10.win32_1.0.200.202301161003/tools/bin/../lib/gcc/arm-none-eabi/10.3.1/../../../../arm-none-eabi/lib/thumb/v7e-m+fp/hard\libc_nano.a(lib_a-reent.o)
 .ARM.attributes
                0x00000000000006c3       0x34 e:/stm32cubeide_1.12.0/stm32cubeide/plugins/com.st.stm32cube.ide.mcu.externaltools.gnu-tools-for-stm32.10.3-2021.10.win32_1.0.200.202301161003/tools/bin/../lib/gcc/arm-none-eabi/10.3.1/../../../../arm-none-eabi/lib/thumb/v7e-m+fp/hard\libc_nano.a(lib_a-sbrkr.o)
 .ARM.attributes
                0x00000000000006f7       0x34 e:/stm32cubeide_1.12.0/stm32cubeide/plugins/com.st.stm32cube.ide.mcu.externaltools.gnu-tools-for-stm32.10.3-2021.10.win32_1.0.200.202301161003/tools/bin/../lib/gcc/arm-none-eabi/10.3.1/../../../../arm-none-eabi/lib/thumb/v7e-m+fp/hard\libc_nano.a(lib_a-mlock.o)
 .ARM.attributes
                0x000000000000072b       0x34 e:/stm32cubeide_1.12.0/stm32cubeide/plugins/com.st.stm32cube.ide.mcu.externaltools.gnu-tools-for-stm32.10.3-2021.10.win32_1.0.200.202301161003/tools/bin/../lib/gcc/arm-none-eabi/10.3.1/../../../../arm-none-eabi/lib/thumb/v7e-m+fp/hard\libc_nano.a(lib_a-nano-freer.o)
 .ARM.attributes
                0x000000000000075f       0x34 e:/stm32cubeide_1.12.0/stm32cubeide/plugins/com.st.stm32cube.ide.mcu.externaltools.gnu-tools-for-stm32.10.3-2021.10.win32_1.0.200.202301161003/tools/bin/../lib/gcc/arm-none-eabi/10.3.1/../../../../arm-none-eabi/lib/thumb/v7e-m+fp/hard\libc_nano.a(lib_a-nano-msizer.o)
 .ARM.attributes
                0x0000000000000793       0x34 e:/stm32cubeide_1.12.0/stm32cubeide/plugins/com.st.stm32cube.ide.mcu.externaltools.gnu-tools-for-stm32.10.3-2021.10.win32_1.0.200.202301161003/tools/bin/../lib/gcc/arm-none-eabi/10.3.1/../../../../arm-none-eabi/lib/thumb/v7e-m+fp/hard\libc_nano.a(lib_a-lock.o)
 .ARM.attributes
                0x00000000000007c7       0x1e e:/stm32cubeide_1.12.0/stm32cubeide/plugins/com.st.stm32cube.ide.mcu.externaltools.gnu-tools-for-stm32.10.3-2021.10.win32_1.0.200.202301161003/tools/bin/../lib/gcc/arm-none-eabi/10.3.1/thumb/v7e-m+fp/hard\libgcc.a(_aeabi_uldivmod.o)
 .ARM.attributes
                0x00000000000007e5       0x34 e:/stm32cubeide_1.12.0/stm32cubeide/plugins/com.st.stm32cube.ide.mcu.externaltools.gnu-tools-for-stm32.10.3-2021.10.win32_1.0.200.202301161003/tools/bin/../lib/gcc/arm-none-eabi/10.3.1/thumb/v7e-m+fp/hard\libgcc.a(_udivmoddi4.o)
 .ARM.attributes
                0x0000000000000819       0x1e e:/stm32cubeide_1.12.0/stm32cubeide/plugins/com.st.stm32cube.ide.mcu.externaltools.gnu-tools-for-stm32.10.3-2021.10.win32_1.0.200.202301161003/tools/bin/../lib/gcc/arm-none-eabi/10.3.1/thumb/v7e-m+fp/hard\libgcc.a(_dvmd_tls.o)
 .ARM.attributes
                0x0000000000000837       0x1e e:/stm32cubeide_1.12.0/stm32cubeide/plugins/com.st.stm32cube.ide.mcu.externaltools.gnu-tools-for-stm32.10.3-2021.10.win32_1.0.200.202301161003/tools/bin/../lib/gcc/arm-none-eabi/10.3.1/thumb/v7e-m+fp/hard/crtn.o
OUTPUT(chatter_F401RE.elf elf32-littlearm)
LOAD linker stubs
LOAD e:/stm32cubeide_1.12.0/stm32cubeide/plugins/com.st.stm32cube.ide.mcu.externaltools.gnu-tools-for-stm32.10.3-2021.10.win32_1.0.200.202301161003/tools/bin/../lib/gcc/arm-none-eabi/10.3.1/../../../../arm-none-eabi/lib/thumb/v7e-m+fp/hard\libc.a
LOAD e:/stm32cubeide_1.12.0/stm32cubeide/plugins/com.st.stm32cube.ide.mcu.externaltools.gnu-tools-for-stm32.10.3-2021.10.win32_1.0.200.202301161003/tools/bin/../lib/gcc/arm-none-eabi/10.3.1/../../../../arm-none-eabi/lib/thumb/v7e-m+fp/hard\libm.a
LOAD e:/stm32cubeide_1.12.0/stm32cubeide/plugins/com.st.stm32cube.ide.mcu.externaltools.gnu-tools-for-stm32.10.3-2021.10.win32_1.0.200.202301161003/tools/bin/../lib/gcc/arm-none-eabi/10.3.1/thumb/v7e-m+fp/hard\libgcc.a

.debug_info     0x0000000000000000    0x15594
 .debug_info    0x0000000000000000     0x1bea ./Core/Inc/time.o
 .debug_info    0x0000000000001bea      0xeb7 ./Core/Src/main.o
 .debug_info    0x0000000000002aa1     0x5380 ./Core/Src/mainpp.o
 .debug_info    0x0000000000007e21      0xc59 ./Core/Src/stm32f4xx_hal_msp.o
 .debug_info    0x0000000000008a7a      0x708 ./Core/Src/stm32f4xx_it.o
 .debug_info    0x0000000000009182      0x6e0 ./Core/Src/syscalls.o
 .debug_info    0x0000000000009862      0x171 ./Core/Src/sysmem.o
 .debug_info    0x00000000000099d3      0x54f ./Core/Src/system_stm32f4xx.o
 .debug_info    0x0000000000009f22       0x22 ./Core/Startup/startup_stm32f411ceux.o
 .debug_info    0x0000000000009f44      0x90d ./Drivers/STM32F4xx_HAL_Driver/Src/stm32f4xx_hal.o
 .debug_info    0x000000000000a851      0xd8b ./Drivers/STM32F4xx_HAL_Driver/Src/stm32f4xx_hal_cortex.o
 .debug_info    0x000000000000b5dc      0x947 ./Drivers/STM32F4xx_HAL_Driver/Src/stm32f4xx_hal_dma.o
 .debug_info    0x000000000000bf23      0x78e ./Drivers/STM32F4xx_HAL_Driver/Src/stm32f4xx_hal_gpio.o
 .debug_info    0x000000000000c6b1      0x98d ./Drivers/STM32F4xx_HAL_Driver/Src/stm32f4xx_hal_rcc.o
 .debug_info    0x000000000000d03e     0x31b4 ./Drivers/STM32F4xx_HAL_Driver/Src/stm32f4xx_hal_uart.o
 .debug_info    0x00000000000101f2     0x5380 ./Core/Src/mainpp.o
 .debug_info    0x0000000000015572       0x22 ./Core/Startup/startup_stm32f411ceux.o

.debug_abbrev   0x0000000000000000     0x2c5d
 .debug_abbrev  0x0000000000000000      0x2cb ./Core/Inc/time.o
 .debug_abbrev  0x00000000000002cb      0x2b3 ./Core/Src/main.o
 .debug_abbrev  0x000000000000057e      0x867 ./Core/Src/mainpp.o
 .debug_abbrev  0x0000000000000de5      0x1f6 ./Core/Src/stm32f4xx_hal_msp.o
 .debug_abbrev  0x0000000000000fdb      0x191 ./Core/Src/stm32f4xx_it.o
 .debug_abbrev  0x000000000000116c      0x1b3 ./Core/Src/syscalls.o
 .debug_abbrev  0x000000000000131f       0xbb ./Core/Src/sysmem.o
 .debug_abbrev  0x00000000000013da      0x116 ./Core/Src/system_stm32f4xx.o
 .debug_abbrev  0x00000000000014f0       0x12 ./Core/Startup/startup_stm32f411ceux.o
 .debug_abbrev  0x0000000000001502      0x23e ./Drivers/STM32F4xx_HAL_Driver/Src/stm32f4xx_hal.o
 .debug_abbrev  0x0000000000001740      0x316 ./Drivers/STM32F4xx_HAL_Driver/Src/stm32f4xx_hal_cortex.o
 .debug_abbrev  0x0000000000001a56      0x21b ./Drivers/STM32F4xx_HAL_Driver/Src/stm32f4xx_hal_dma.o
 .debug_abbrev  0x0000000000001c71      0x1c4 ./Drivers/STM32F4xx_HAL_Driver/Src/stm32f4xx_hal_gpio.o
 .debug_abbrev  0x0000000000001e35      0x2aa ./Drivers/STM32F4xx_HAL_Driver/Src/stm32f4xx_hal_rcc.o
 .debug_abbrev  0x00000000000020df      0x305 ./Drivers/STM32F4xx_HAL_Driver/Src/stm32f4xx_hal_uart.o
 .debug_abbrev  0x00000000000023e4      0x867 ./Core/Src/mainpp.o
 .debug_abbrev  0x0000000000002c4b       0x12 ./Core/Startup/startup_stm32f411ceux.o

.debug_aranges  0x0000000000000000      0xc00
 .debug_aranges
                0x0000000000000000       0x48 ./Core/Inc/time.o
 .debug_aranges
                0x0000000000000048       0x50 ./Core/Src/main.o
 .debug_aranges
                0x0000000000000098      0x1f8 ./Core/Src/mainpp.o
 .debug_aranges
                0x0000000000000290       0x30 ./Core/Src/stm32f4xx_hal_msp.o
 .debug_aranges
                0x00000000000002c0       0x90 ./Core/Src/stm32f4xx_it.o
 .debug_aranges
                0x0000000000000350       0xa8 ./Core/Src/syscalls.o
 .debug_aranges
                0x00000000000003f8       0x20 ./Core/Src/sysmem.o
 .debug_aranges
                0x0000000000000418       0x28 ./Core/Src/system_stm32f4xx.o
 .debug_aranges
                0x0000000000000440       0x28 ./Core/Startup/startup_stm32f411ceux.o
 .debug_aranges
                0x0000000000000468       0xf0 ./Drivers/STM32F4xx_HAL_Driver/Src/stm32f4xx_hal.o
 .debug_aranges
                0x0000000000000558      0x118 ./Drivers/STM32F4xx_HAL_Driver/Src/stm32f4xx_hal_cortex.o
 .debug_aranges
                0x0000000000000670       0x90 ./Drivers/STM32F4xx_HAL_Driver/Src/stm32f4xx_hal_dma.o
 .debug_aranges
                0x0000000000000700       0x58 ./Drivers/STM32F4xx_HAL_Driver/Src/stm32f4xx_hal_gpio.o
 .debug_aranges
                0x0000000000000758       0x88 ./Drivers/STM32F4xx_HAL_Driver/Src/stm32f4xx_hal_rcc.o
 .debug_aranges
                0x00000000000007e0      0x200 ./Drivers/STM32F4xx_HAL_Driver/Src/stm32f4xx_hal_uart.o
 .debug_aranges
                0x00000000000009e0      0x1f8 ./Core/Src/mainpp.o
 .debug_aranges
                0x0000000000000bd8       0x28 ./Core/Startup/startup_stm32f411ceux.o

.debug_ranges   0x0000000000000000      0xb60
 .debug_ranges  0x0000000000000000       0x38 ./Core/Inc/time.o
 .debug_ranges  0x0000000000000038       0x40 ./Core/Src/main.o
 .debug_ranges  0x0000000000000078      0x200 ./Core/Src/mainpp.o
 .debug_ranges  0x0000000000000278       0x20 ./Core/Src/stm32f4xx_hal_msp.o
 .debug_ranges  0x0000000000000298       0x80 ./Core/Src/stm32f4xx_it.o
 .debug_ranges  0x0000000000000318       0x98 ./Core/Src/syscalls.o
 .debug_ranges  0x00000000000003b0       0x10 ./Core/Src/sysmem.o
 .debug_ranges  0x00000000000003c0       0x18 ./Core/Src/system_stm32f4xx.o
 .debug_ranges  0x00000000000003d8       0x20 ./Core/Startup/startup_stm32f411ceux.o
 .debug_ranges  0x00000000000003f8       0xe0 ./Drivers/STM32F4xx_HAL_Driver/Src/stm32f4xx_hal.o
 .debug_ranges  0x00000000000004d8      0x108 ./Drivers/STM32F4xx_HAL_Driver/Src/stm32f4xx_hal_cortex.o
 .debug_ranges  0x00000000000005e0       0x80 ./Drivers/STM32F4xx_HAL_Driver/Src/stm32f4xx_hal_dma.o
 .debug_ranges  0x0000000000000660       0x48 ./Drivers/STM32F4xx_HAL_Driver/Src/stm32f4xx_hal_gpio.o
 .debug_ranges  0x00000000000006a8       0x78 ./Drivers/STM32F4xx_HAL_Driver/Src/stm32f4xx_hal_rcc.o
 .debug_ranges  0x0000000000000720      0x220 ./Drivers/STM32F4xx_HAL_Driver/Src/stm32f4xx_hal_uart.o
 .debug_ranges  0x0000000000000940      0x200 ./Core/Src/mainpp.o
 .debug_ranges  0x0000000000000b40       0x20 ./Core/Startup/startup_stm32f411ceux.o

.debug_macro    0x0000000000000000    0x1796b
 .debug_macro   0x0000000000000000      0x1c1 ./Core/Inc/time.o
 .debug_macro   0x00000000000001c1      0x1c9 ./Core/Src/main.o
 .debug_macro   0x000000000000038a      0xa78 ./Core/Src/main.o
 .debug_macro   0x0000000000000e02      0x295 ./Core/Src/main.o
 .debug_macro   0x0000000000001097       0x2e ./Core/Src/main.o
 .debug_macro   0x00000000000010c5       0x28 ./Core/Src/main.o
 .debug_macro   0x00000000000010ed       0x8e ./Core/Src/main.o
 .debug_macro   0x000000000000117b       0x51 ./Core/Src/main.o
 .debug_macro   0x00000000000011cc       0x1c ./Core/Src/main.o
 .debug_macro   0x00000000000011e8       0x22 ./Core/Src/main.o
 .debug_macro   0x000000000000120a       0xd9 ./Core/Src/main.o
 .debug_macro   0x00000000000012e3     0x102d ./Core/Src/main.o
 .debug_macro   0x0000000000002310      0x11f ./Core/Src/main.o
 .debug_macro   0x000000000000242f     0xb953 ./Core/Src/main.o
 .debug_macro   0x000000000000dd82       0x6d ./Core/Src/main.o
 .debug_macro   0x000000000000ddef     0x367e ./Core/Src/main.o
 .debug_macro   0x000000000001146d      0x174 ./Core/Src/main.o
 .debug_macro   0x00000000000115e1       0x5c ./Core/Src/main.o
 .debug_macro   0x000000000001163d      0x447 ./Core/Src/main.o
 .debug_macro   0x0000000000011a84      0x9fe ./Core/Src/main.o
 .debug_macro   0x0000000000012482      0x115 ./Core/Src/main.o
 .debug_macro   0x0000000000012597      0x11b ./Core/Src/main.o
 .debug_macro   0x00000000000126b2       0xa5 ./Core/Src/main.o
 .debug_macro   0x0000000000012757      0x15f ./Core/Src/main.o
 .debug_macro   0x00000000000128b6      0x287 ./Core/Src/main.o
 .debug_macro   0x0000000000012b3d       0x5f ./Core/Src/main.o
 .debug_macro   0x0000000000012b9c      0x236 ./Core/Src/main.o
 .debug_macro   0x0000000000012dd2      0x132 ./Core/Src/main.o
 .debug_macro   0x0000000000012f04      0x264 ./Core/Src/main.o
 .debug_macro   0x0000000000013168       0x2e ./Core/Src/main.o
 .debug_macro   0x0000000000013196      0x11a ./Core/Src/main.o
 .debug_macro   0x00000000000132b0       0x85 ./Core/Src/main.o
 .debug_macro   0x0000000000013335       0x89 ./Core/Src/main.o
 .debug_macro   0x00000000000133be      0x295 ./Core/Src/main.o
 .debug_macro   0x0000000000013653      0x126 ./Core/Src/main.o
 .debug_macro   0x0000000000013779       0x4c ./Core/Src/main.o
 .debug_macro   0x00000000000137c5      0x414 ./Core/Src/mainpp.o
 .debug_macro   0x0000000000013bd9     0x102d ./Core/Src/mainpp.o
 .debug_macro   0x0000000000014c06       0x52 ./Core/Src/mainpp.o
 .debug_macro   0x0000000000014c58       0x10 ./Core/Src/mainpp.o
 .debug_macro   0x0000000000014c68       0x20 ./Core/Src/mainpp.o
 .debug_macro   0x0000000000014c88       0x10 ./Core/Src/mainpp.o
 .debug_macro   0x0000000000014c98       0x1c ./Core/Src/mainpp.o
 .debug_macro   0x0000000000014cb4       0xde ./Core/Src/mainpp.o
 .debug_macro   0x0000000000014d92      0x3cd ./Core/Src/mainpp.o
 .debug_macro   0x000000000001515f       0x10 ./Core/Src/mainpp.o
 .debug_macro   0x000000000001516f      0x1c9 ./Core/Src/stm32f4xx_hal_msp.o
 .debug_macro   0x0000000000015338      0x1d3 ./Core/Src/stm32f4xx_it.o
 .debug_macro   0x000000000001550b      0x24c ./Core/Src/syscalls.o
 .debug_macro   0x0000000000015757       0x34 ./Core/Src/syscalls.o
 .debug_macro   0x000000000001578b      0x341 ./Core/Src/syscalls.o
 .debug_macro   0x0000000000015acc       0x43 ./Core/Src/syscalls.o
 .debug_macro   0x0000000000015b0f       0x1c ./Core/Src/syscalls.o
 .debug_macro   0x0000000000015b2b       0x10 ./Core/Src/syscalls.o
 .debug_macro   0x0000000000015b3b       0x35 ./Core/Src/syscalls.o
 .debug_macro   0x0000000000015b70       0x10 ./Core/Src/syscalls.o
 .debug_macro   0x0000000000015b80       0x10 ./Core/Src/syscalls.o
 .debug_macro   0x0000000000015b90       0x10 ./Core/Src/syscalls.o
 .debug_macro   0x0000000000015ba0       0x1c ./Core/Src/syscalls.o
 .debug_macro   0x0000000000015bbc       0x52 ./Core/Src/syscalls.o
 .debug_macro   0x0000000000015c0e       0x22 ./Core/Src/syscalls.o
 .debug_macro   0x0000000000015c30       0x10 ./Core/Src/syscalls.o
 .debug_macro   0x0000000000015c40       0x52 ./Core/Src/syscalls.o
 .debug_macro   0x0000000000015c92       0xd5 ./Core/Src/syscalls.o
 .debug_macro   0x0000000000015d67       0x1c ./Core/Src/syscalls.o
 .debug_macro   0x0000000000015d83       0x3d ./Core/Src/syscalls.o
 .debug_macro   0x0000000000015dc0       0x35 ./Core/Src/syscalls.o
 .debug_macro   0x0000000000015df5      0x12c ./Core/Src/syscalls.o
 .debug_macro   0x0000000000015f21       0x10 ./Core/Src/syscalls.o
 .debug_macro   0x0000000000015f31      0x241 ./Core/Src/syscalls.o
 .debug_macro   0x0000000000016172       0x1c ./Core/Src/syscalls.o
 .debug_macro   0x000000000001618e       0x10 ./Core/Src/syscalls.o
 .debug_macro   0x000000000001619e       0x10 ./Core/Src/syscalls.o
 .debug_macro   0x00000000000161ae       0x16 ./Core/Src/syscalls.o
 .debug_macro   0x00000000000161c4      0x145 ./Core/Src/syscalls.o
 .debug_macro   0x0000000000016309      0x189 ./Core/Src/syscalls.o
 .debug_macro   0x0000000000016492       0x16 ./Core/Src/syscalls.o
 .debug_macro   0x00000000000164a8       0xce ./Core/Src/syscalls.o
 .debug_macro   0x0000000000016576       0xff ./Core/Src/sysmem.o
 .debug_macro   0x0000000000016675      0x23b ./Core/Src/sysmem.o
 .debug_macro   0x00000000000168b0      0x1ba ./Core/Src/system_stm32f4xx.o
 .debug_macro   0x0000000000016a6a      0x21a ./Drivers/STM32F4xx_HAL_Driver/Src/stm32f4xx_hal.o
 .debug_macro   0x0000000000016c84      0x1ba ./Drivers/STM32F4xx_HAL_Driver/Src/stm32f4xx_hal_cortex.o
 .debug_macro   0x0000000000016e3e      0x1c0 ./Drivers/STM32F4xx_HAL_Driver/Src/stm32f4xx_hal_dma.o
 .debug_macro   0x0000000000016ffe      0x1c0 ./Drivers/STM32F4xx_HAL_Driver/Src/stm32f4xx_hal_gpio.o
 .debug_macro   0x00000000000171be      0x1de ./Drivers/STM32F4xx_HAL_Driver/Src/stm32f4xx_hal_rcc.o
 .debug_macro   0x000000000001739c      0x1bb ./Drivers/STM32F4xx_HAL_Driver/Src/stm32f4xx_hal_uart.o
 .debug_macro   0x0000000000017557      0x414 ./Core/Src/mainpp.o

.debug_line     0x0000000000000000     0xdffe
 .debug_line    0x0000000000000000      0x9cc ./Core/Inc/time.o
 .debug_line    0x00000000000009cc      0x7b6 ./Core/Src/main.o
 .debug_line    0x0000000000001182     0x2206 ./Core/Src/mainpp.o
 .debug_line    0x0000000000003388      0x7ab ./Core/Src/stm32f4xx_hal_msp.o
 .debug_line    0x0000000000003b33      0x7d9 ./Core/Src/stm32f4xx_it.o
 .debug_line    0x000000000000430c      0x7ef ./Core/Src/syscalls.o
 .debug_line    0x0000000000004afb      0x4e5 ./Core/Src/sysmem.o
 .debug_line    0x0000000000004fe0      0x708 ./Core/Src/system_stm32f4xx.o
 .debug_line    0x00000000000056e8       0x88 ./Core/Startup/startup_stm32f411ceux.o
 .debug_line    0x0000000000005770      0x96e ./Drivers/STM32F4xx_HAL_Driver/Src/stm32f4xx_hal.o
 .debug_line    0x00000000000060de      0xc1d ./Drivers/STM32F4xx_HAL_Driver/Src/stm32f4xx_hal_cortex.o
 .debug_line    0x0000000000006cfb      0xed2 ./Drivers/STM32F4xx_HAL_Driver/Src/stm32f4xx_hal_dma.o
 .debug_line    0x0000000000007bcd      0xaa6 ./Drivers/STM32F4xx_HAL_Driver/Src/stm32f4xx_hal_gpio.o
 .debug_line    0x0000000000008673      0xcea ./Drivers/STM32F4xx_HAL_Driver/Src/stm32f4xx_hal_rcc.o
 .debug_line    0x000000000000935d     0x2a13 ./Drivers/STM32F4xx_HAL_Driver/Src/stm32f4xx_hal_uart.o
 .debug_line    0x000000000000bd70     0x2206 ./Core/Src/mainpp.o
 .debug_line    0x000000000000df76       0x88 ./Core/Startup/startup_stm32f411ceux.o

.debug_str      0x0000000000000000    0x8ca4c
 .debug_str     0x0000000000000000     0x9f24 ./Core/Inc/time.o
                                       0xa233 (size before relaxing)
 .debug_str     0x0000000000009f24    0x7c66c ./Core/Src/main.o
                                      0x80591 (size before relaxing)
 .debug_str     0x0000000000086590     0x25ad ./Core/Src/mainpp.o
                                      0x887fb (size before relaxing)
 .debug_str     0x0000000000088b3d       0xad ./Core/Src/stm32f4xx_hal_msp.o
                                      0x8045f (size before relaxing)
 .debug_str     0x0000000000088bea      0x174 ./Core/Src/stm32f4xx_it.o
                                      0x7ff95 (size before relaxing)
 .debug_str     0x0000000000088d5e     0x26d8 ./Core/Src/syscalls.o
                                       0x8ab7 (size before relaxing)
 .debug_str     0x000000000008b436       0x6b ./Core/Src/sysmem.o
                                       0x5df3 (size before relaxing)
 .debug_str     0x000000000008b4a1       0xdb ./Core/Src/system_stm32f4xx.o
                                      0x7fa80 (size before relaxing)
 .debug_str     0x000000000008b57c       0x36 ./Core/Startup/startup_stm32f411ceux.o
                                         0x9d (size before relaxing)
 .debug_str     0x000000000008b5b2      0x57b ./Drivers/STM32F4xx_HAL_Driver/Src/stm32f4xx_hal.o
                                      0x804ac (size before relaxing)
 .debug_str     0x000000000008bb2d      0x31a ./Drivers/STM32F4xx_HAL_Driver/Src/stm32f4xx_hal_cortex.o
                                      0x801cd (size before relaxing)
 .debug_str     0x000000000008be47      0x2f9 ./Drivers/STM32F4xx_HAL_Driver/Src/stm32f4xx_hal_dma.o
                                      0x7fe88 (size before relaxing)
 .debug_str     0x000000000008c140      0x14a ./Drivers/STM32F4xx_HAL_Driver/Src/stm32f4xx_hal_gpio.o
                                      0x7fbfb (size before relaxing)
 .debug_str     0x000000000008c28a      0x228 ./Drivers/STM32F4xx_HAL_Driver/Src/stm32f4xx_hal_rcc.o
                                      0x7feb4 (size before relaxing)
 .debug_str     0x000000000008c4b2      0x59a ./Drivers/STM32F4xx_HAL_Driver/Src/stm32f4xx_hal_uart.o
                                      0x80441 (size before relaxing)
 .debug_str     0x000000000008ca4c    0x887fb ./Core/Src/mainpp.o
 .debug_str     0x000000000008ca4c       0x9d ./Core/Startup/startup_stm32f411ceux.o

.comment        0x0000000000000000       0x50
 .comment       0x0000000000000000       0x50 ./Core/Inc/time.o
                                         0x51 (size before relaxing)
 .comment       0x0000000000000050       0x51 ./Core/Src/main.o
 .comment       0x0000000000000050       0x51 ./Core/Src/mainpp.o
 .comment       0x0000000000000050       0x51 ./Core/Src/stm32f4xx_hal_msp.o
 .comment       0x0000000000000050       0x51 ./Core/Src/stm32f4xx_it.o
 .comment       0x0000000000000050       0x51 ./Core/Src/syscalls.o
 .comment       0x0000000000000050       0x51 ./Core/Src/sysmem.o
 .comment       0x0000000000000050       0x51 ./Core/Src/system_stm32f4xx.o
 .comment       0x0000000000000050       0x51 ./Drivers/STM32F4xx_HAL_Driver/Src/stm32f4xx_hal.o
 .comment       0x0000000000000050       0x51 ./Drivers/STM32F4xx_HAL_Driver/Src/stm32f4xx_hal_cortex.o
 .comment       0x0000000000000050       0x51 ./Drivers/STM32F4xx_HAL_Driver/Src/stm32f4xx_hal_dma.o
 .comment       0x0000000000000050       0x51 ./Drivers/STM32F4xx_HAL_Driver/Src/stm32f4xx_hal_gpio.o
 .comment       0x0000000000000050       0x51 ./Drivers/STM32F4xx_HAL_Driver/Src/stm32f4xx_hal_rcc.o
 .comment       0x0000000000000050       0x51 ./Drivers/STM32F4xx_HAL_Driver/Src/stm32f4xx_hal_uart.o
 .comment       0x0000000000000050       0x51 ./Core/Src/mainpp.o

.debug_frame    0x0000000000000000     0x3538
 .debug_frame   0x0000000000000000       0xf0 ./Core/Inc/time.o
 .debug_frame   0x00000000000000f0       0xe8 ./Core/Src/main.o
 .debug_frame   0x00000000000001d8      0x8dc ./Core/Src/mainpp.o
 .debug_frame   0x0000000000000ab4       0x80 ./Core/Src/stm32f4xx_hal_msp.o
 .debug_frame   0x0000000000000b34      0x1ac ./Core/Src/stm32f4xx_it.o
 .debug_frame   0x0000000000000ce0      0x2ac ./Core/Src/syscalls.o
 .debug_frame   0x0000000000000f8c       0x34 ./Core/Src/sysmem.o
 .debug_frame   0x0000000000000fc0       0x58 ./Core/Src/system_stm32f4xx.o
 .debug_frame   0x0000000000001018      0x374 ./Drivers/STM32F4xx_HAL_Driver/Src/stm32f4xx_hal.o
 .debug_frame   0x000000000000138c      0x498 ./Drivers/STM32F4xx_HAL_Driver/Src/stm32f4xx_hal_cortex.o
 .debug_frame   0x0000000000001824      0x250 ./Drivers/STM32F4xx_HAL_Driver/Src/stm32f4xx_hal_dma.o
 .debug_frame   0x0000000000001a74      0x14c ./Drivers/STM32F4xx_HAL_Driver/Src/stm32f4xx_hal_gpio.o
 .debug_frame   0x0000000000001bc0      0x1f4 ./Drivers/STM32F4xx_HAL_Driver/Src/stm32f4xx_hal_rcc.o
 .debug_frame   0x0000000000001db4      0x92c ./Drivers/STM32F4xx_HAL_Driver/Src/stm32f4xx_hal_uart.o
 .debug_frame   0x00000000000026e0      0x8dc ./Core/Src/mainpp.o
 .debug_frame   0x0000000000002fbc       0x40 e:/stm32cubeide_1.12.0/stm32cubeide/plugins/com.st.stm32cube.ide.mcu.externaltools.gnu-tools-for-stm32.10.3-2021.10.win32_1.0.200.202301161003/tools/bin/../lib/gcc/arm-none-eabi/10.3.1/../../../../arm-none-eabi/lib/thumb/v7e-m+fp/hard\libstdc++_nano.a(pure.o)
 .debug_frame   0x0000000000002ffc       0xb0 e:/stm32cubeide_1.12.0/stm32cubeide/plugins/com.st.stm32cube.ide.mcu.externaltools.gnu-tools-for-stm32.10.3-2021.10.win32_1.0.200.202301161003/tools/bin/../lib/gcc/arm-none-eabi/10.3.1/../../../../arm-none-eabi/lib/thumb/v7e-m+fp/hard\libstdc++_nano.a(eh_terminate.o)
 .debug_frame   0x00000000000030ac       0x28 e:/stm32cubeide_1.12.0/stm32cubeide/plugins/com.st.stm32cube.ide.mcu.externaltools.gnu-tools-for-stm32.10.3-2021.10.win32_1.0.200.202301161003/tools/bin/../lib/gcc/arm-none-eabi/10.3.1/../../../../arm-none-eabi/lib/thumb/v7e-m+fp/hard\libc_nano.a(lib_a-abort.o)
 .debug_frame   0x00000000000030d4       0x20 e:/stm32cubeide_1.12.0/stm32cubeide/plugins/com.st.stm32cube.ide.mcu.externaltools.gnu-tools-for-stm32.10.3-2021.10.win32_1.0.200.202301161003/tools/bin/../lib/gcc/arm-none-eabi/10.3.1/../../../../arm-none-eabi/lib/thumb/v7e-m+fp/hard\libc_nano.a(lib_a-errno.o)
 .debug_frame   0x00000000000030f4       0x2c e:/stm32cubeide_1.12.0/stm32cubeide/plugins/com.st.stm32cube.ide.mcu.externaltools.gnu-tools-for-stm32.10.3-2021.10.win32_1.0.200.202301161003/tools/bin/../lib/gcc/arm-none-eabi/10.3.1/../../../../arm-none-eabi/lib/thumb/v7e-m+fp/hard\libc_nano.a(lib_a-init.o)